Component: ARM Compiler 5.06 update 6 (build 750) Tool: armlink [4d35ed]

==============================================================================

Section Cross References

    main.o(i.BtnCallback) refers to main.o(i.wakeUp) for wakeUp
    main.o(i.BtnCallback) refers to nxp_lcd_driver.o(.data) for fWakeUpFromRTC
    main.o(i.FLASH_IRQHandler) refers to main.o(.data) for error
    main.o(i.SysTick_Config) refers to main.o(i.NVIC_SetPriority) for NVIC_SetPriority
    main.o(i.Voltage_Conversion) refers to fflti.o(.text) for __aeabi_i2f
    main.o(i.Voltage_Conversion) refers to fmul.o(x$fpl$fmul) for __aeabi_fmul
    main.o(i.batteryVoltageCon) refers to systick.o(i.systick_delayMs) for systick_delayMs
    main.o(i.batteryVoltageCon) refers to main.o(i.Voltage_Conversion) for Voltage_Conversion
    main.o(i.batteryVoltageCon) refers to fdiv.o(.text) for __aeabi_fdiv
    main.o(i.batteryVoltageCon) refers to faddsub.o(x$fpl$fadd) for __aeabi_fadd
    main.o(i.batteryVoltageCon) refers to frlef.o(x$fpl$frleqf) for __aeabi_cfrcmple
    main.o(i.batteryVoltageCon) refers to f2d.o(.text) for __aeabi_f2d
    main.o(i.batteryVoltageCon) refers to dlef.o(x$fpl$dleqf) for __aeabi_cdcmple
    main.o(i.batteryVoltageCon) refers to nxp_lcd_driver.o(i.LCDPowerOFF) for LCDPowerOFF
    main.o(i.batteryVoltageCon) refers to selenoid.o(i.selenoidCon) for selenoidCon
    main.o(i.batteryVoltageCon) refers to main.o(.data) for adcSensReading
    main.o(i.batteryVoltageCon) refers to main.o(.bss) for batteryVoltageSample
    main.o(i.batteryVoltageCon) refers to nxp_lcd_driver.o(.data) for fBatteryReady
    main.o(i.batteryVoltageCon) refers to selenoid.o(.data) for fCloseRelay1
    main.o(i.cancelPrevIrr) refers to nxp_lcd_driver.o(.bss) for pendingRtcIrq
    main.o(i.celenderSort) refers to nxp_lcd_driver.o(.bss) for relayCelendar
    main.o(i.celenderSort) refers to nxp_lcd_driver.o(.data) for pendingRelay
    main.o(i.copyAndPasteSelSettings) refers to nxp_lcd_driver.o(.data) for fcopyAndPasteSelSettings
    main.o(i.main) refers to system_stm32l0xx.o(i.SystemInit) for SystemInit
    main.o(i.main) refers to hw.o(i.hw_initSysclock) for hw_initSysclock
    main.o(i.main) refers to system_stm32l0xx.o(i.SystemCoreClockUpdate) for SystemCoreClockUpdate
    main.o(i.main) refers to aeabi_sdiv.o(.text) for __aeabi_uidivmod
    main.o(i.main) refers to main.o(i.SysTick_Config) for SysTick_Config
    main.o(i.main) refers to hw.o(i.hw_init) for hw_init
    main.o(i.main) refers to selenoid.o(i.selenoid_init) for selenoid_init
    main.o(i.main) refers to selenoid.o(i.selenoid_sleep) for selenoid_sleep
    main.o(i.main) refers to selenoid.o(i.selenoid_disable) for selenoid_disable
    main.o(i.main) refers to main.o(i.UnlockPELOCK) for UnlockPELOCK
    main.o(i.main) refers to main.o(i.LockNVM) for LockNVM
    main.o(i.main) refers to rtc.o(i.Init_RTC) for Init_RTC
    main.o(i.main) refers to main.o(i.read_from_EEPROM) for read_from_EEPROM
    main.o(i.main) refers to i2c.o(i.I2C_Write_LCD) for I2C_Write_LCD
    main.o(i.main) refers to rtc.o(i.configureAlarmB) for configureAlarmB
    main.o(i.main) refers to main.o(i.recort_to_EEPROM) for recort_to_EEPROM
    main.o(i.main) refers to main.o(i.recort_password_to_EEPROM) for recort_password_to_EEPROM
    main.o(i.main) refers to main.o(i.erase_all_programs) for erase_all_programs
    main.o(i.main) refers to main.o(i.updateInvalidPassWord) for updateInvalidPassWord
    main.o(i.main) refers to button.o(i.butread) for butread
    main.o(i.main) refers to main.o(i.copyAndPasteSelSettings) for copyAndPasteSelSettings
    main.o(i.main) refers to nxp_lcd_driver.o(i.LCDBufferReset) for LCDBufferReset
    main.o(i.main) refers to nxp_lcd_driver.o(i.updateLCDBuffer) for updateLCDBuffer
    main.o(i.main) refers to i2c.o(i.I2C_Write) for I2C_Write
    main.o(i.main) refers to main.o(i.batteryVoltageCon) for batteryVoltageCon
    main.o(i.main) refers to main.o(i.manuelWorkCelender) for manuelWorkCelender
    main.o(i.main) refers to main.o(i.resetPendingRelay) for resetPendingRelay
    main.o(i.main) refers to main.o(i.manuelAllWorkCelender) for manuelAllWorkCelender
    main.o(i.main) refers to main.o(i.updateRTCAlarm) for updateRTCAlarm
    main.o(i.main) refers to main.o(i.programCelendar) for programCelendar
    main.o(i.main) refers to main.o(i.celenderSort) for celenderSort
    main.o(i.main) refers to main.o(i.cancelPrevIrr) for cancelPrevIrr
    main.o(i.main) refers to main.o(i.updateSelenoidPosition) for updateSelenoidPosition
    main.o(i.main) refers to selenoid.o(i.selenoidCon) for selenoidCon
    main.o(i.main) refers to main.o(i.sleepCon) for sleepCon
    main.o(i.main) refers to main.o(i.myWatchDogBOMB) for myWatchDogBOMB
    main.o(i.main) refers to system_stm32l0xx.o(.data) for SystemCoreClock
    main.o(i.main) refers to nxp_lcd_driver.o(.data) for fRecordtoEEPROM
    main.o(i.main) refers to nxp_lcd_driver.o(.bss) for LCD_Ram_Data_Row
[...]
    .data                                    0x20000065   Section        8  selenoid.o(.data)
    .data                                    0x20000070   Section      140  button.o(.data)
    NewHourTens                              0x20000078   Data           4  button.o(.data)
    NewHour                                  0x2000007c   Data           4  button.o(.data)
    NewHourUnits                             0x20000080   Data           4  button.o(.data)
    NewTime                                  0x20000084   Data           4  button.o(.data)
    currentDate                              0x20000088   Data           4  button.o(.data)
    maxVal                                   0x2000008c   Data           4  button.o(.data)
    NewMinuteTens                            0x20000090   Data           4  button.o(.data)
    NewMinuteUnits                           0x20000094   Data           4  button.o(.data)
    NewMinute                                0x20000098   Data           4  button.o(.data)
    NewTime                                  0x2000009c   Data           4  button.o(.data)
    currentDate                              0x200000a0   Data           4  button.o(.data)
    maxVal                                   0x200000a4   Data           4  button.o(.data)
    NewDate                                  0x200000a8   Data           4  button.o(.data)
    currentTime                              0x200000ac   Data           4  button.o(.data)
    currentYear                              0x200000b0   Data           4  button.o(.data)
    currentMonth                             0x200000b4   Data           4  button.o(.data)
    currentDay                               0x200000b8   Data           4  button.o(.data)
    DayOfWeek                                0x200000bc   Data           4  button.o(.data)
    maxVal                                   0x200000c0   Data           4  button.o(.data)
    NewMonth                                 0x200000c4   Data           4  button.o(.data)
    currentYear                              0x200000c8   Data           4  button.o(.data)
    currentMonth                             0x200000cc   Data           4  button.o(.data)
    currentDay                               0x200000d0   Data           4  button.o(.data)
    currentTime                              0x200000d4   Data           4  button.o(.data)
    DayOfWeek                                0x200000d8   Data           4  button.o(.data)
    maxVal                                   0x200000dc   Data           4  button.o(.data)
    NewYear                                  0x200000e0   Data           4  button.o(.data)
    currentYear                              0x200000e4   Data           4  button.o(.data)
    currentMonth                             0x200000e8   Data           4  button.o(.data)
    currentDay                               0x200000ec   Data           4  button.o(.data)
    currentTime                              0x200000f0   Data           4  button.o(.data)
    DayOfWeek                                0x200000f4   Data           4  button.o(.data)
    maxVal                                   0x200000f8   Data           4  button.o(.data)
    .data                                    0x200000fc   Section      464  nxp_lcd_driver.o(.data)
    .data                                    0x200002cc   Section        4  system_stm32l0xx.o(.data)
    .bss                                     0x200002d0   Section       40  main.o(.bss)
    .bss                                     0x200002f8   Section      388  nxp_lcd_driver.o(.bss)
    .bss                                     0x2000047c   Section       96  libspace.o(.bss)
    HEAP                                     0x200004e0   Section      512  startup_stm32l053xx.o(HEAP)
    Heap_Mem                                 0x200004e0   Data         512  startup_stm32l053xx.o(HEAP)
    STACK                                    0x200006e0   Section     1024  startup_stm32l053xx.o(STACK)
    Stack_Mem                                0x200006e0   Data        1024  startup_stm32l053xx.o(STACK)
    __initial_sp                             0x20000ae0   Data           0  startup_stm32l053xx.o(STACK)

    Global Symbols

    Symbol Name                              Value     Ov Type        Size  Object(Section)

    BuildAttributes$$THM_ISAv3M$S$PE$A:L22$X:L11$S22$IEEE1$IW$USESV6$~STKCKD$USESV7$~SHL$OTIME$ROPI$IEEEJ$EBA8$UX$STANDARDLIB$REQ8$PRES8$EABIv2 0x00000000   Number         0  anon$$obj.o ABSOLUTE
    __ARM_use_no_argv                        0x00000000   Number         0  main.o ABSOLUTE
    __ARM_exceptions_init                     - Undefined Weak Reference
    __alloca_initialize                       - Undefined Weak Reference
    __arm_preinit_                            - Undefined Weak Reference
    __cpp_initialize__aeabi_                  - Undefined Weak Reference
    __cxa_finalize                            - Undefined Weak Reference
    __sigvec_lookup                           - Undefined Weak Reference
    _atexit_init                              - Undefined Weak Reference
    _call_atexit_fns                          - Undefined Weak Reference
    _clock_init                               - Undefined Weak Reference
    _fp_trap_init                             - Undefined Weak Reference
    _fp_trap_shutdown                         - Undefined Weak Reference
    _get_lc_collate                           - Undefined Weak Reference
    _get_lc_monetary                          - Undefined Weak Reference
    _get_lc_numeric                           - Undefined Weak Reference
    _get_lc_time                              - Undefined Weak Reference
    _getenv_init                              - Undefined Weak Reference
    _handle_redirection                       - Undefined Weak Reference
    _init_alloc                               - Undefined Weak Reference
    _init_user_alloc                          - Undefined Weak Reference
    _initio                                   - Undefined Weak Reference
    _printf_post_padding                      - Undefined Weak Reference
    _printf_pre_padding                       - Undefined Weak Reference
    _printf_truncate_signed                   - Undefined Weak Reference
    _printf_truncate_unsigned                 - Undefined Weak Reference
    _rand_init                                - Undefined Weak Reference
    _signal_finish                            - Undefined Weak Reference
    _signal_init                              - Undefined Weak Reference
    _terminate_alloc                          - Undefined Weak Reference
    _terminate_user_alloc                     - Undefined Weak Reference
    _terminateio                              - Undefined Weak Reference
    __Vectors_Size                           0x000000c0   Number         0  startup_stm32l053xx.o ABSOLUTE
    __Vectors                                0x08000000   Data           4  startup_stm32l053xx.o(RESET)
    __Vectors_End                            0x080000c0   Data           0  startup_stm32l053xx.o(RESET)
    __main                                   0x080000c1   Thumb Code     8  __main.o(!!!main)
    __scatterload                            0x080000c9   Thumb Code     0  __scatter.o(!!!scatter)
    __scatterload_rt2                        0x080000c9   Thumb Code    52  __scatter.o(!!!scatter)
    __scatterload_rt2_thumb_only             0x080000c9   Thumb Code     0  __scatter.o(!!!scatter)
    __scatterload_null                       0x080000d9   Thumb Code     0  __scatter.o(!!!scatter)
    __scatterload_zeroinit                   0x08000105   Thumb Code    28  __scatter_zi.o(!!handler_zi)
    _printf_percent                          0x08000121   Thumb Code     0  _printf_percent.o(.ARM.Collect$$_printf_percent$$00000000)
    _printf_d                                0x08000123   Thumb Code     0  _printf_d.o(.ARM.Collect$$_printf_percent$$00000009)
    _printf_percent_end                      0x0800012d   Thumb Code     0  _printf_percent_end.o(.ARM.Collect$$_printf_percent$$00000017)
    __rt_lib_init                            0x08000131   Thumb Code     0  libinit.o(.ARM.Collect$$libinit$$00000000)
    __rt_lib_init_fp_1                       0x08000133   Thumb Code     0  libinit2.o(.ARM.Collect$$libinit$$00000002)
    __rt_lib_init_heap_1                     0x08000133   Thumb Code     0  libinit2.o(.ARM.Collect$$libinit$$0000000A)
    __rt_lib_init_lc_common                  0x08000133   Thumb Code     0  libinit2.o(.ARM.Collect$$libinit$$0000000F)
    __rt_lib_init_preinit_1                  0x08000133   Thumb Code     0  libinit2.o(.ARM.Collect$$libinit$$00000004)
    __rt_lib_init_rand_1                     0x08000133   Thumb Code     0  libinit2.o(.ARM.Collect$$libinit$$0000000E)
    __rt_lib_init_user_alloc_1               0x08000133   Thumb Code     0  libinit2.o(.ARM.Collect$$libinit$$0000000C)
    __rt_lib_init_lc_collate_1               0x08000139   Thumb Code     0  libinit2.o(.ARM.Collect$$libinit$$00000011)
    __rt_lib_init_lc_ctype_2                 0x08000139   Thumb Code     0  libinit2.o(.ARM.Collect$$libinit$$00000012)
    __rt_lib_init_alloca_1                   0x08000145   Thumb Code     0  libinit2.o(.ARM.Collect$$libinit$$0000002E)
    __rt_lib_init_argv_1                     0x08000145   Thumb Code     0  libinit2.o(.ARM.Collect$$libinit$$0000002C)
    __rt_lib_init_atexit_1                   0x08000145   Thumb Code     0  libinit2.o(.ARM.Collect$$libinit$$0000001B)
    __rt_lib_init_clock_1                    0x08000145   Thumb Code     0  libinit2.o(.ARM.Collect$$libinit$$00000021)
    __rt_lib_init_cpp_1                      0x08000145   Thumb Code     0  libinit2.o(.ARM.Collect$$libinit$$00000032)
    __rt_lib_init_exceptions_1               0x08000145   Thumb Code     0  libinit2.o(.ARM.Collect$$libinit$$00000030)
    __rt_lib_init_fp_trap_1                  0x08000145   Thumb Code     0  libinit2.o(.ARM.Collect$$libinit$$0000001F)
    __rt_lib_init_getenv_1                   0x08000145   Thumb Code     0  libinit2.o(.ARM.Collect$$libinit$$00000023)
    __rt_lib_init_lc_ctype_1                 0x08000145   Thumb Code     0  libinit2.o(.ARM.Collect$$libinit$$00000013)
    __rt_lib_init_lc_monetary_1              0x08000145   Thumb Code     0  libinit2.o(.ARM.Collect$$libinit$$00000015)
    __rt_lib_init_lc_numeric_1               0x08000145   Thumb Code     0  libinit2.o(.ARM.Collect$$libinit$$00000017)
    __rt_lib_init_lc_time_1                  0x08000145   Thumb Code     0  libinit2.o(.ARM.Collect$$libinit$$00000019)
    __rt_lib_init_return                     0x08000145   Thumb Code     0  libinit2.o(.ARM.Collect$$libinit$$00000033)
    __rt_lib_init_signal_1                   0x08000145   Thumb Code     0  libinit2.o(.ARM.Collect$$libinit$$0000001D)
    __rt_lib_init_stdio_1                    0x08000145   Thumb Code     0  libinit2.o(.ARM.Collect$$libinit$$00000025)
    __rt_lib_shutdown                        0x08000147   Thumb Code     0  libshutdown.o(.ARM.Collect$$libshutdown$$00000000)
    __rt_lib_shutdown_cpp_1                  0x08000149   Thumb Code     0  libshutdown2.o(.ARM.Collect$$libshutdown$$00000002)
    __rt_lib_shutdown_fp_trap_1              0x08000149   Thumb Code     0  libshutdown2.o(.ARM.Collect$$libshutdown$$00000007)
    __rt_lib_shutdown_heap_1                 0x08000149   Thumb Code     0  libshutdown2.o(.ARM.Collect$$libshutdown$$0000000F)
    __rt_lib_shutdown_return                 0x08000149   Thumb Code     0  libshutdown2.o(.ARM.Collect$$libshutdown$$00000010)
    __rt_lib_shutdown_signal_1               0x08000149   Thumb Code     0  libshutdown2.o(.ARM.Collect$$libshutdown$$0000000A)
    __rt_lib_shutdown_stdio_1                0x08000149   Thumb Code     0  libshutdown2.o(.ARM.Collect$$libshutdown$$00000004)
    __rt_lib_shutdown_user_alloc_1           0x08000149   Thumb Code     0  libshutdown2.o(.ARM.Collect$$libshutdown$$0000000C)
    __rt_entry                               0x0800014b   Thumb Code     0  __rtentry.o(.ARM.Collect$$rtentry$$00000000)
    __rt_entry_presh_1                       0x0800014b   Thumb Code     0  __rtentry2.o(.ARM.Collect$$rtentry$$00000002)
    __rt_entry_sh                            0x0800014b   Thumb Code     0  __rtentry4.o(.ARM.Collect$$rtentry$$00000004)
    __rt_entry_li                            0x08000151   Thumb Code     0  __rtentry2.o(.ARM.Collect$$rtentry$$0000000A)
    __rt_entry_postsh_1                      0x08000151   Thumb Code     0  __rtentry2.o(.ARM.Collect$$rtentry$$00000009)
    __rt_entry_main                          0x08000155   Thumb Code     0  __rtentry2.o(.ARM.Collect$$rtentry$$0000000D)
    __rt_entry_postli_1                      0x08000155   Thumb Code     0  __rtentry2.o(.ARM.Collect$$rtentry$$0000000C)
    __rt_exit                                0x0800015d   Thumb Code     0  rtexit.o(.ARM.Collect$$rtexit$$00000000)
    __rt_exit_ls                             0x0800015f   Thumb Code     0  rtexit2.o(.ARM.Collect$$rtexit$$00000003)
    __rt_exit_prels_1                        0x0800015f   Thumb Code     0  rtexit2.o(.ARM.Collect$$rtexit$$00000002)
    __rt_exit_exit                           0x08000163   Thumb Code     0  rtexit2.o(.ARM.Collect$$rtexit$$00000004)
    Reset_Handler                            0x08000169   Thumb Code     8  startup_stm32l053xx.o(.text)
    ADC1_COMP_IRQHandler                     0x0800017b   Thumb Code     0  startup_stm32l053xx.o(.text)
    DMA1_Channel1_IRQHandler                 0x0800017b   Thumb Code     0  startup_stm32l053xx.o(.text)
    DMA1_Channel2_3_IRQHandler               0x0800017b   Thumb Code     0  startup_stm32l053xx.o(.text)
    DMA1_Channel4_5_6_7_IRQHandler           0x0800017b   Thumb Code     0  startup_stm32l053xx.o(.text)
    EXTI2_3_IRQHandler                       0x0800017b   Thumb Code     0  startup_stm32l053xx.o(.text)
    EXTI4_15_IRQHandler                      0x0800017b   Thumb Code     0  startup_stm32l053xx.o(.text)
    I2C2_IRQHandler                          0x0800017b   Thumb Code     0  startup_stm32l053xx.o(.text)
    LCD_IRQHandler                           0x0800017b   Thumb Code     0  startup_stm32l053xx.o(.text)
    LPTIM1_IRQHandler                        0x0800017b   Thumb Code     0  startup_stm32l053xx.o(.text)
    PVD_IRQHandler                           0x0800017b   Thumb Code     0  startup_stm32l053xx.o(.text)
    RNG_LPUART1_IRQHandler                   0x0800017b   Thumb Code     0  startup_stm32l053xx.o(.text)
    SPI1_IRQHandler                          0x0800017b   Thumb Code     0  startup_stm32l053xx.o(.text)
    SPI2_IRQHandler                          0x0800017b   Thumb Code     0  startup_stm32l053xx.o(.text)
    TIM21_IRQHandler                         0x0800017b   Thumb Code     0  startup_stm32l053xx.o(.text)
    TIM22_IRQHandler                         0x0800017b   Thumb Code     0  startup_stm32l053xx.o(.text)
    TIM2_IRQHandler                          0x0800017b   Thumb Code     0  startup_stm32l053xx.o(.text)
    TIM6_DAC_IRQHandler                      0x0800017b   Thumb Code     0  startup_stm32l053xx.o(.text)
    TSC_IRQHandler                           0x0800017b   Thumb Code     0  startup_stm32l053xx.o(.text)
    USART1_IRQHandler                        0x0800017b   Thumb Code     0  startup_stm32l053xx.o(.text)
    USART2_IRQHandler                        0x0800017b   Thumb Code     0  startup_stm32l053xx.o(.text)
    USB_IRQHandler                           0x0800017b   Thumb Code     0  startup_stm32l053xx.o(.text)
    WWDG_IRQHandler                          0x0800017b   Thumb Code     0  startup_stm32l053xx.o(.text)
    __user_initial_stackheap                 0x0800017d   Thumb Code     0  startup_stm32l053xx.o(.text)
    toupper                                  0x080001a1   Thumb Code    30  toupper.o(.text)
    __2sprintf                               0x080001c1   Thumb Code    36  noretval__2sprintf.o(.text)
    __printf                                 0x080001e9   Thumb Code   108  __printf.o(.text)
    _printf_int_dec                          0x08000255   Thumb Code    90  _printf_dec.o(.text)
    __aeabi_assert                           0x080002c1   Thumb Code    82  assert.o(.text)
    __assert                                 0x080002c1   Thumb Code     0  assert.o(.text)
    __aeabi_uidiv                            0x0800033d   Thumb Code     0  aeabi_sdiv.o(.text)
    __aeabi_uidivmod                         0x0800033d   Thumb Code    20  aeabi_sdiv.o(.text)
    __aeabi_idiv                             0x08000351   Thumb Code     0  aeabi_sdiv.o(.text)
    __aeabi_idivmod                          0x08000351   Thumb Code   326  aeabi_sdiv.o(.text)
    __use_two_region_memory                  0x08000497   Thumb Code     2  heapauxi.o(.text)
    __rt_heap_escrow$2region                 0x08000499   Thumb Code     2  heapauxi.o(.text)
    __rt_heap_expand$2region                 0x0800049b   Thumb Code     2  heapauxi.o(.text)
    __aeabi_d2f                              0x0800049d   Thumb Code     0  d2f.o(.text)
    _d2f                                     0x0800049d   Thumb Code   120  d2f.o(.text)
    __aeabi_dadd                             0x08000811   Thumb Code     0  daddsub.o(.text)
    _dadd                                    0x08000811   Thumb Code    26  daddsub.o(.text)
    __aeabi_dsub                             0x0800082b   Thumb Code     0  daddsub.o(.text)
    _dsub                                    0x0800082b   Thumb Code    22  daddsub.o(.text)
    __aeabi_drsub                            0x08000841   Thumb Code     0  daddsub.o(.text)
    _drsb                                    0x08000841   Thumb Code    28  daddsub.o(.text)
    __aeabi_ddiv                             0x08000871   Thumb Code     0  ddiv.o(.text)
    _ddiv                                    0x08000871   Thumb Code  1072  ddiv.o(.text)
    _drdiv                                   0x08000ca1   Thumb Code    20  ddiv.o(.text)
    __aeabi_d2uiz                            0x08000cb9   Thumb Code     0  dfixui.o(.text)
    _dfixu                                   0x08000cb9   Thumb Code    68  dfixui.o(.text)
    __aeabi_f2d                              0x08000d01   Thumb Code     0  f2d.o(.text)
    _f2d                                     0x08000d01   Thumb Code    80  f2d.o(.text)
    __aeabi_fdiv                             0x08000d55   Thumb Code     0  fdiv.o(.text)
    _fdiv                                    0x08000d55   Thumb Code   334  fdiv.o(.text)
    _frdiv                                   0x08000ea3   Thumb Code     8  fdiv.o(.text)
    __aeabi_i2f_normalise                    0x08000eb5   Thumb Code    72  fflti.o(.text)
    __aeabi_i2f                              0x08000efd   Thumb Code    16  fflti.o(.text)
    _fflt                                    0x08000efd   Thumb Code     0  fflti.o(.text)
    __aeabi_ui2f                             0x08000f0d   Thumb Code     6  fflti.o(.text)
    _ffltu                                   0x08000f0d   Thumb Code     0  fflti.o(.text)
    __rt_ctype_table                         0x08000f15   Thumb Code    16  rt_ctype_table.o(.text)
    _printf_int_common                       0x08000f25   Thumb Code   176  _printf_intcommon.o(.text)
    _printf_char_common                      0x08000fdf   Thumb Code    32  _printf_char_common.o(.text)
    _sputc                                   0x08001005   Thumb Code    10  _sputc.o(.text)
    abort                                    0x0800100f   Thumb Code    20  abort.o(.text)
    __assert_puts                            0x08001023   Thumb Code    20  assert_puts.o(.text)
    __rt_udiv10                              0x08001037   Thumb Code    40  rtudiv10.o(.text)
    __fpl_dcmp_InfNaN                        0x08001061   Thumb Code   140  dcmpin.o(.text)
    __fpl_fcmp_InfNaN                        0x080010f1   Thumb Code    96  fcmpin.o(.text)
    _ttywrch                                 0x08001155   Thumb Code    12  sys_wrch.o(.text)
    _sys_exit                                0x08001161   Thumb Code     8  sys_exit.o(.text)
    __rt_locale                              0x0800116d   Thumb Code     8  rt_locale_intlibspace.o(.text)
    __rt_SIGABRT                             0x08001175   Thumb Code    12  defsig_abrt_outer.o(.text)
    __fpl_cmpreturn                          0x08001181   Thumb Code    46  cmpret.o(.text)
    __fpl_dcheck_NaN2                        0x080011b1   Thumb Code    14  dnan2.o(.text)
    __fpl_fcheck_NaN2                        0x080011c5   Thumb Code    10  fnan2.o(.text)
    __user_libspace                          0x080011d5   Thumb Code     8  libspace.o(.text)
    __user_perproc_libspace                  0x080011d5   Thumb Code     0  libspace.o(.text)
    __user_perthread_libspace                0x080011d5   Thumb Code     0  libspace.o(.text)
    __I$use$semihosting                      0x080011dd   Thumb Code     0  use_no_semi.o(.text)
    __use_no_semihosting_swi                 0x080011dd   Thumb Code     2  use_no_semi.o(.text)
    __semihosting_library_function           0x080011df   Thumb Code     0  indicate_semi.o(.text)
    __user_setup_stackheap                   0x080011df   Thumb Code    62  sys_stackheap_outer.o(.text)
    exit                                     0x0800121d   Thumb Code    16  exit.o(.text)
    __sig_exit                               0x0800122d   Thumb Code    12  defsig_exit.o(.text)
    __rt_SIGABRT_inner                       0x08001239   Thumb Code    14  defsig_abrt_inner.o(.text)
    strcmp                                   0x08001269   Thumb Code   132  strcmp.o(.text)
    __fpl_return_NaN                         0x080012f1   Thumb Code    94  retnan.o(.text)
    __default_signal_display                 0x0800134f   Thumb Code    52  defsig_general.o(.text)
    __decompress                             0x08001383   Thumb Code     0  __dczerorl2.o(.text)
    __decompress1                            0x08001383   Thumb Code    86  __dczerorl2.o(.text)
    BtnCallback                              0x080013d9   Thumb Code    18  main.o(i.BtnCallback)
    ConfigureADC                             0x080013f1   Thumb Code    70  adc.o(i.ConfigureADC)
    Configure_DBG                            0x08001441   Thumb Code    52  button.o(i.Configure_DBG)
    Configure_EXTI                           0x08001485   Thumb Code    62  button.o(i.Configure_EXTI)
    DelayValueAdjust                         0x080014d1   Thumb Code   114  button.o(i.DelayValueAdjust)
    DisableADC                               0x08001551   Thumb Code    94  adc.o(i.DisableADC)
    EXTI0_1_IRQHandler                       0x080015b9   Thumb Code    42  interrupt.o(i.EXTI0_1_IRQHandler)
    EepromErase                              0x080015ed   Thumb Code    36  main.o(i.EepromErase)
    EnableADC                                0x08001615   Thumb Code    58  adc.o(i.EnableADC)
    FLASH_IRQHandler                         0x08001659   Thumb Code   288  main.o(i.FLASH_IRQHandler)
    HardFault_Handler                        0x08001781   Thumb Code    26  interrupt.o(i.HardFault_Handler)
    I2C1_IRQHandler                          0x080017a5   Thumb Code     6  interrupt.o(i.I2C1_IRQHandler)
    I2C_Init                                 0x080017b1   Thumb Code   244  i2c.o(i.I2C_Init)
    I2C_Write                                0x080018bd   Thumb Code   206  i2c.o(i.I2C_Write)
    I2C_Write_LCD                            0x08001995   Thumb Code   216  i2c.o(i.I2C_Write_LCD)
    IncAndFwdLPrs                            0x08001a75   Thumb Code    44  button.o(i.IncAndFwdLPrs)
    Init_RTC                                 0x08001ab5   Thumb Code   250  rtc.o(i.Init_RTC)
    LCDBufferReset                           0x08001bc1   Thumb Code    20  nxp_lcd_driver.o(i.LCDBufferReset)
    LCDPowerOFF                              0x08001bd9   Thumb Code    22  nxp_lcd_driver.o(i.LCDPowerOFF)
    LCDPowerON                               0x08001bf5   Thumb Code    12  nxp_lcd_driver.o(i.LCDPowerON)
    LockNVM                                  0x08001c05   Thumb Code    42  main.o(i.LockNVM)
    ManuelALLWorkDurationAdjust              0x08001c39   Thumb Code    56  button.o(i.ManuelALLWorkDurationAdjust)
    ManuelWorkDurationAdjust                 0x08001c75   Thumb Code   108  button.o(i.ManuelWorkDurationAdjust)
    NMI_Handler                              0x08001ce9   Thumb Code     2  interrupt.o(i.NMI_Handler)
    PendSV_Handler                           0x08001f6d   Thumb Code     2  interrupt.o(i.PendSV_Handler)
    RCC_CRS_IRQHandler                       0x08001f71   Thumb Code   120  interrupt.o(i.RCC_CRS_IRQHandler)
    RTC_IRQHandler                           0x08002001   Thumb Code   228  interrupt.o(i.RTC_IRQHandler)
    Reset_I2C                                0x08002125   Thumb Code    38  i2c.o(i.Reset_I2C)
    SVC_Handler                              0x08002151   Thumb Code     2  interrupt.o(i.SVC_Handler)
    SelenoidStartTime_1_HourAdjust           0x08002155   Thumb Code   124  button.o(i.SelenoidStartTime_1_HourAdjust)
    SelenoidStartTime_1_MinuteAdjust         0x080021d9   Thumb Code   124  button.o(i.SelenoidStartTime_1_MinuteAdjust)
    SelenoidStartTime_2_HourAdjust           0x0800225d   Thumb Code   328  button.o(i.SelenoidStartTime_2_HourAdjust)
    SelenoidStartTime_2_MinuteAdjust         0x080023b1   Thumb Code   328  button.o(i.SelenoidStartTime_2_MinuteAdjust)
    SelenoidStartTime_3_HourAdjust           0x08002505   Thumb Code   328  button.o(i.SelenoidStartTime_3_HourAdjust)
    SelenoidStartTime_3_MinuteAdjust         0x08002659   Thumb Code   328  button.o(i.SelenoidStartTime_3_MinuteAdjust)
    SelenoidStartTime_4_HourAdjust           0x080027ad   Thumb Code   328  button.o(i.SelenoidStartTime_4_HourAdjust)
    SelenoidStartTime_4_MinuteAdjust         0x08002901   Thumb Code   328  button.o(i.SelenoidStartTime_4_MinuteAdjust)
    SetClockForADC                           0x08002a55   Thumb Code    16  adc.o(i.SetClockForADC)
    SysTick_Handler                          0x08002a9d   Thumb Code     8  interrupt.o(i.SysTick_Handler)
    SystemCoreClockUpdate                    0x08002aa5   Thumb Code   230  system_stm32l0xx.o(i.SystemCoreClockUpdate)
    SystemInit                               0x08002ba1   Thumb Code    88  system_stm32l0xx.o(i.SystemInit)
    UnlockPELOCK                             0x08002c09   Thumb Code    52  main.o(i.UnlockPELOCK)
    Voltage_Conversion                       0x08002c4d   Thumb Code    28  main.o(i.Voltage_Conversion)
    __ARM_common_switch8                     0x08002c6d   Thumb Code    28  nxp_lcd_driver.o(i.__ARM_common_switch8)
    adc_bat_read_disable                     0x08002c89   Thumb Code    14  adc.o(i.adc_bat_read_disable)
    adc_bat_read_enable                      0x08002c97   Thumb Code    14  adc.o(i.adc_bat_read_enable)
    adc_con_pins_init                        0x08002ca5   Thumb Code    46  hw.o(i.adc_con_pins_init)
    adc_sens_read_disable                    0x08002cdd   Thumb Code    14  adc.o(i.adc_sens_read_disable)
    anyButtonPressed                         0x08002ced   Thumb Code    54  button.o(i.anyButtonPressed)
    arrangeGPIOforSleep                      0x08002d51   Thumb Code   608  hw.o(i.arrangeGPIOforSleep)
    backbprs                                 0x08002fc1   Thumb Code   850  button.o(i.backbprs)
    batteryVoltageCon                        0x080033e5   Thumb Code   208  main.o(i.batteryVoltageCon)
    bcd2cnv                                  0x080034f1   Thumb Code    34  button.o(i.bcd2cnv)
    btn_isr                                  0x08003515   Thumb Code    52  btn.o(i.btn_isr)
    btn_registerCallback                     0x08003555   Thumb Code    68  btn.o(i.btn_registerCallback)
    butread                                  0x08003605   Thumb Code  1432  button.o(i.butread)
    button_init                              0x08003be5   Thumb Code    72  button.o(i.button_init)
    cancelPrevIrr                            0x08003c39   Thumb Code    54  main.o(i.cancelPrevIrr)
    ceil                                     0x08003c79   Thumb Code   180  ceil.o(i.ceil)
    celenderSort                             0x08003d41   Thumb Code   172  main.o(i.celenderSort)
    checkFactoryKey                          0x08003df9   Thumb Code   392  button.o(i.checkFactoryKey)
    checkPasword                             0x08003fd5   Thumb Code   176  button.o(i.checkPasword)
    clearAllDetailAdjustment                 0x080040ad   Thumb Code   120  button.o(i.clearAllDetailAdjustment)
    closeRelay1                              0x08004199   Thumb Code    46  selenoid.o(i.closeRelay1)
    closeRelay2                              0x080041c7   Thumb Code    46  selenoid.o(i.closeRelay2)
    closeRelay3                              0x080041f5   Thumb Code    44  selenoid.o(i.closeRelay3)
    closeRelay4                              0x08004221   Thumb Code    46  selenoid.o(i.closeRelay4)
    configureAlarmA                          0x08004251   Thumb Code   122  rtc.o(i.configureAlarmA)
    configureAlarmB                          0x080042d9   Thumb Code   122  rtc.o(i.configureAlarmB)
    copyAndPasteSelSettings                  0x08004361   Thumb Code   220  main.o(i.copyAndPasteSelSettings)
    dbAndIncLPrs                             0x08004459   Thumb Code    58  button.o(i.dbAndIncLPrs)
    dbprs                                    0x080044ad   Thumb Code  1364  button.o(i.dbprs)
    dow                                      0x08004a19   Thumb Code    30  button.o(i.dow)
    erase_all_programs                       0x08004a39   Thumb Code   204  main.o(i.erase_all_programs)
    forwardbprs                              0x08004b2d   Thumb Code  1724  button.o(i.forwardbprs)
    fwdAndBckPrs                             0x08005259   Thumb Code   130  button.o(i.fwdAndBckPrs)
    gpio_init                                0x08005329   Thumb Code   308  gpio.o(i.gpio_init)
    hw_init                                  0x08005569   Thumb Code   358  hw.o(i.hw_init)
    hw_initSysclock                          0x080056d5   Thumb Code    36  hw.o(i.hw_initSysclock)
    ibprs                                    0x08005701   Thumb Code  1492  button.o(i.ibprs)
    incAndBckLPrs                            0x08005d11   Thumb Code    64  button.o(i.incAndBckLPrs)
    leap                                     0x08005d69   Thumb Code    44  button.o(i.leap)
    main                                     0x08005d95   Thumb Code   692  main.o(i.main)
    manuelAllWorkCelender                    0x080060c1   Thumb Code  1368  main.o(i.manuelAllWorkCelender)
    manuelWorkCelender                       0x08006621   Thumb Code   404  main.o(i.manuelWorkCelender)
    mbprs                                    0x080067fd   Thumb Code   196  button.o(i.mbprs)
    myWatchDogBOMB                           0x080068f5   Thumb Code   166  main.o(i.myWatchDogBOMB)
    nxpInit                                  0x080069a9   Thumb Code   140  nxp_lcd_driver.o(i.nxpInit)
    openRelay1                               0x08006a45   Thumb Code    30  selenoid.o(i.openRelay1)
    openRelay2                               0x08006a63   Thumb Code    30  selenoid.o(i.openRelay2)
    openRelay3                               0x08006a81   Thumb Code    26  selenoid.o(i.openRelay3)
    openRelay4                               0x08006a9b   Thumb Code    30  selenoid.o(i.openRelay4)
    passwordAdjust                           0x08006ab9   Thumb Code    76  button.o(i.passwordAdjust)
    producerPassAdj                          0x08006b09   Thumb Code    76  button.o(i.producerPassAdj)
    programCelendar                          0x08006b59   Thumb Code    28  main.o(i.programCelendar)
    read_from_EEPROM                         0x08006b75   Thumb Code   464  main.o(i.read_from_EEPROM)
    recort_password_to_EEPROM                0x08006d71   Thumb Code   124  main.o(i.recort_password_to_EEPROM)
    recort_to_EEPROM                         0x08006e09   Thumb Code   488  main.o(i.recort_to_EEPROM)
    resetPendingRelay                        0x08007019   Thumb Code    76  main.o(i.resetPendingRelay)
    selectedSelenoidUpdate                   0x08007069   Thumb Code    56  button.o(i.selectedSelenoidUpdate)
    selenoidCon                              0x080070a5   Thumb Code   532  selenoid.o(i.selenoidCon)
    selenoidWorkDurAdj                       0x080072ed   Thumb Code   108  button.o(i.selenoidWorkDurAdj)
    selenoid_disable                         0x08007361   Thumb Code    14  selenoid.o(i.selenoid_disable)
    selenoid_enable                          0x0800736f   Thumb Code    14  selenoid.o(i.selenoid_enable)
    selenoid_init                            0x0800737d   Thumb Code   150  selenoid.o(i.selenoid_init)
    selenoid_sleep                           0x08007421   Thumb Code    12  selenoid.o(i.selenoid_sleep)
    selenoid_wakeup                          0x08007431   Thumb Code    12  selenoid.o(i.selenoid_wakeup)
    sevenSegCode                             0x08007441   Thumb Code   252  nxp_lcd_driver.o(i.sevenSegCode)
    sleepCon                                 0x0800753d   Thumb Code   546  main.o(i.sleepCon)
    systick_delayMs                          0x080077bd   Thumb Code    18  systick.o(i.systick_delayMs)
    systick_irq                              0x080077d5   Thumb Code   780  systick.o(i.systick_irq)
    updateBatLevelDigit                      0x08007ba5   Thumb Code   160  nxp_lcd_driver.o(i.updateBatLevelDigit)
    updateDay                                0x08007c75   Thumb Code   460  button.o(i.updateDay)
    updateHour                               0x08007e65   Thumb Code   206  button.o(i.updateHour)
    updateInvalidPassWord                    0x08007f51   Thumb Code    46  main.o(i.updateInvalidPassWord)
    updateLCDBuffer                          0x08007f91   Thumb Code 13334  nxp_lcd_driver.o(i.updateLCDBuffer)
    updateMinute                             0x0800b3b5   Thumb Code   206  button.o(i.updateMinute)
    updateMonth                              0x0800b4a1   Thumb Code   246  button.o(i.updateMonth)
    updateRTCAlarm                           0x0800b5b9   Thumb Code  1226  main.o(i.updateRTCAlarm)
    updateRelayCelendar                      0x0800ba89   Thumb Code  1326  main.o(i.updateRelayCelendar)
    updateSelenoidPosition                   0x0800bfc9   Thumb Code   348  main.o(i.updateSelenoidPosition)
    updateYear                               0x0800c195   Thumb Code   244  button.o(i.updateYear)
    wakeUp                                   0x0800c2ad   Thumb Code   294  main.o(i.wakeUp)
    zeller                                   0x0800c425   Thumb Code    68  button.o(i.zeller)
    _get_lc_ctype                            0x0800c469   Thumb Code    44  lc_ctype_c.o(locale$$code)
    __aeabi_cdcmple                          0x0800c495   Thumb Code     0  dlef.o(x$fpl$dleqf)
    _dcmple                                  0x0800c495   Thumb Code    94  dlef.o(x$fpl$dleqf)
    __aeabi_cdrcmple                         0x0800c4f9   Thumb Code     0  drlef.o(x$fpl$drleqf)
    _drcmple                                 0x0800c4f9   Thumb Code   100  drlef.o(x$fpl$drleqf)
    __aeabi_fadd                             0x0800c561   Thumb Code     0  faddsub.o(x$fpl$fadd)
    _fadd                                    0x0800c561   Thumb Code   134  faddsub.o(x$fpl$fadd)
    __aeabi_fmul                             0x0800c5ed   Thumb Code     0  fmul.o(x$fpl$fmul)
    _fmul                                    0x0800c5ed   Thumb Code   172  fmul.o(x$fpl$fmul)
    __aeabi_cfrcmple                         0x0800c69d   Thumb Code     0  frlef.o(x$fpl$frleqf)
    _frcmple                                 0x0800c69d   Thumb Code    84  frlef.o(x$fpl$frleqf)
    __aeabi_fsub                             0x0800c6f5   Thumb Code     0  faddsub.o(x$fpl$fsub)
    _fsub                                    0x0800c6f5   Thumb Code   204  faddsub.o(x$fpl$fsub)
    __I$use$fp                               0x0800c7c4   Number         0  usenofp.o(x$fpl$usenofp)
    AHBPrescTable                            0x0800c7e0   Data          16  system_stm32l0xx.o(.constdata)
    APBPrescTable                            0x0800c7f0   Data           8  system_stm32l0xx.o(.constdata)
    PLLMulTable                              0x0800c7f8   Data           9  system_stm32l0xx.o(.constdata)
    Region$$Table$$Base                      0x0800c8c4   Number         0  anon$$obj.o(Region$$Table)
    Region$$Table$$Limit                     0x0800c8e4   Number         0  anon$$obj.o(Region$$Table)
    __ctype                                  0x0800c8f1   Data           0  lc_ctype_c.o(locale$$data)
    error                                    0x20000000   Data           2  main.o(.data)
    digcnt                                   0x20000004   Data           4  main.o(.data)
    testingMode                              0x20000008   Data           4  main.o(.data)
    adcSensReading                           0x2000000c   Data           4  main.o(.data)
    activeProgram                            0x20000010   Data           1  main.o(.data)
    readBatteryVoltage                       0x20000014   Data           4  main.o(.data)
    batteryRecordCnt                         0x20000018   Data           4  main.o(.data)
    f1ms                                     0x20000024   Data           4  systick.o(.data)
    f2ms                                     0x20000028   Data           4  systick.o(.data)
    f20ms                                    0x2000002c   Data           4  systick.o(.data)
    f200ms                                   0x20000030   Data           4  systick.o(.data)
    f1s                                      0x20000034   Data           4  systick.o(.data)
    f2s                                      0x20000038   Data           4  systick.o(.data)
    f10s                                     0x2000003c   Data           4  systick.o(.data)
    cnt2ms                                   0x20000040   Data           4  systick.o(.data)
    cnt20ms                                  0x20000044   Data           4  systick.o(.data)
    cnt200ms                                 0x20000048   Data           4  systick.o(.data)
    cnt1s                                    0x2000004c   Data           4  systick.o(.data)
    cnt2s                                    0x20000050   Data           4  systick.o(.data)
    cnt10s                                   0x20000054   Data           4  systick.o(.data)
    fsleepEnable                             0x20000058   Data           4  systick.o(.data)
    sleepCounter                             0x2000005c   Data           4  systick.o(.data)
    u32Tick                                  0x20000060   Data           4  systick.o(.data)
    fUpdateRtcAlarm                          0x20000064   Data           1  rtc.o(.data)
    fOpenRelay1                              0x20000065   Data           1  selenoid.o(.data)
    fCloseRelay1                             0x20000066   Data           1  selenoid.o(.data)
    fOpenRelay2                              0x20000067   Data           1  selenoid.o(.data)
    fCloseRelay2                             0x20000068   Data           1  selenoid.o(.data)
    fOpenRelay3                              0x20000069   Data           1  selenoid.o(.data)
    fCloseRelay3                             0x2000006a   Data           1  selenoid.o(.data)
    fOpenRelay4                              0x2000006b   Data           1  selenoid.o(.data)
    fCloseRelay4                             0x2000006c   Data           1  selenoid.o(.data)
    butdat                                   0x20000070   Data           1  button.o(.data)
    prvdat                                   0x20000071   Data           1  button.o(.data)
    button                                   0x20000072   Data           1  button.o(.data)
    prvbut                                   0x20000073   Data           1  button.o(.data)
    presdb                                   0x20000074   Data           1  button.o(.data)
    vdcnt                                    0x20000075   Data           1  button.o(.data)
    lvdcnt                                   0x20000076   Data           1  button.o(.data)
    lvd2cnt                                  0x20000077   Data           1  button.o(.data)
    currentTime                              0x200000fc   Data           4  nxp_lcd_driver.o(.data)
    secondUnits                              0x20000100   Data           4  nxp_lcd_driver.o(.data)
    secondTens                               0x20000104   Data           4  nxp_lcd_driver.o(.data)
    minuteUnits                              0x20000108   Data           4  nxp_lcd_driver.o(.data)
    minuteTens                               0x2000010c   Data           4  nxp_lcd_driver.o(.data)
    hourUnits                                0x20000110   Data           4  nxp_lcd_driver.o(.data)
    hourTens                                 0x20000114   Data           4  nxp_lcd_driver.o(.data)
    myWatchDogCnt                            0x20000118   Data           4  nxp_lcd_driver.o(.data)
    afterWakeUpCnt                           0x2000011c   Data           4  nxp_lcd_driver.o(.data)
    startManuelWorkDelay                     0x20000120   Data           4  nxp_lcd_driver.o(.data)
    C_secondUnits                            0x20000124   Data           1  nxp_lcd_driver.o(.data)
    C_secondTens                             0x20000125   Data           1  nxp_lcd_driver.o(.data)
    C_minuteUnits                            0x20000126   Data           1  nxp_lcd_driver.o(.data)
    C_minuteTens                             0x20000127   Data           1  nxp_lcd_driver.o(.data)
    C_hourUnits                              0x20000128   Data           1  nxp_lcd_driver.o(.data)
    C_hourTens                               0x20000129   Data           1  nxp_lcd_driver.o(.data)
    currentDate                              0x2000012c   Data           4  nxp_lcd_driver.o(.data)
    dateUnits                                0x20000130   Data           4  nxp_lcd_driver.o(.data)
    dateTens                                 0x20000134   Data           4  nxp_lcd_driver.o(.data)
    monthUnits                               0x20000138   Data           4  nxp_lcd_driver.o(.data)
    monthTens                                0x2000013c   Data           4  nxp_lcd_driver.o(.data)
    yearUnits                                0x20000140   Data           4  nxp_lcd_driver.o(.data)
    yearTens                                 0x20000144   Data           4  nxp_lcd_driver.o(.data)
    currentDayOfWeek                         0x20000148   Data           4  nxp_lcd_driver.o(.data)
    delayed_irr_counter                      0x2000014c   Data           4  nxp_lcd_driver.o(.data)
    C_dateUnits                              0x20000150   Data           1  nxp_lcd_driver.o(.data)
    C_dateTens                               0x20000151   Data           1  nxp_lcd_driver.o(.data)
    C_monthUnits                             0x20000152   Data           1  nxp_lcd_driver.o(.data)
    C_monthTens                              0x20000153   Data           1  nxp_lcd_driver.o(.data)
    C_yearUnits                              0x20000154   Data           1  nxp_lcd_driver.o(.data)
    C_yearTens                               0x20000155   Data           1  nxp_lcd_driver.o(.data)
    tmpBatLevel                              0x20000158   Data           4  nxp_lcd_driver.o(.data)
    tmpBatLevelInt                           0x2000015c   Data           4  nxp_lcd_driver.o(.data)
    tmpBatLevelInt_LSB                       0x20000160   Data           4  nxp_lcd_driver.o(.data)
    tmpBatLevelInt_MSB                       0x20000164   Data           4  nxp_lcd_driver.o(.data)
    tmp_bat_char_1                           0x20000168   Data           1  nxp_lcd_driver.o(.data)
    tmp_bat_char_2                           0x20000169   Data           1  nxp_lcd_driver.o(.data)
    flashingCnt                              0x2000016c   Data           4  nxp_lcd_driver.o(.data)
    flashingCnt2                             0x20000170   Data           4  nxp_lcd_driver.o(.data)
    flashingCnt3                             0x20000174   Data           4  nxp_lcd_driver.o(.data)
    flashingCnt4                             0x20000178   Data           4  nxp_lcd_driver.o(.data)
    flashingCnt5                             0x2000017c   Data           4  nxp_lcd_driver.o(.data)
    flashingCnt6                             0x20000180   Data           4  nxp_lcd_driver.o(.data)
    flashingCnt7                             0x20000184   Data           4  nxp_lcd_driver.o(.data)
    flashingCnt8                             0x20000188   Data           4  nxp_lcd_driver.o(.data)
    manuelIrrCnt                             0x2000018c   Data           4  nxp_lcd_driver.o(.data)
    batteryVoltage                           0x20000190   Data           4  nxp_lcd_driver.o(.data)
    powerON                                  0x20000194   Data           1  nxp_lcd_driver.o(.data)
    cntPowerOn4second                        0x20000198   Data           4  nxp_lcd_driver.o(.data)
    fPowerOnRelay1OFF                        0x2000019c   Data           1  nxp_lcd_driver.o(.data)
    fPowerOnRelay2OFF                        0x2000019d   Data           1  nxp_lcd_driver.o(.data)
    fPowerOnRelay3OFF                        0x2000019e   Data           1  nxp_lcd_driver.o(.data)
    fPowerOnRelay4OFF                        0x2000019f   Data           1  nxp_lcd_driver.o(.data)
    fhomePage                                0x200001a0   Data           1  nxp_lcd_driver.o(.data)
    fwatchAdjustment                         0x200001a1   Data           1  nxp_lcd_driver.o(.data)
    fselenoidProgramming                     0x200001a2   Data           1  nxp_lcd_driver.o(.data)
    fdayOfWeekAdjust                         0x200001a3   Data           1  nxp_lcd_driver.o(.data)
    fminuteAdjust                            0x200001a4   Data           1  nxp_lcd_driver.o(.data)
    fhourAdjust                              0x200001a5   Data           1  nxp_lcd_driver.o(.data)
    fselectedSelenoidAdjust                  0x200001a6   Data           1  nxp_lcd_driver.o(.data)
    fSelenoidWorkDurAdjust                   0x200001a7   Data           1  nxp_lcd_driver.o(.data)
    fSelenoidStartTimeAdjust                 0x200001a8   Data           1  nxp_lcd_driver.o(.data)
    fHergunSelected                          0x200001a9   Data           1  nxp_lcd_driver.o(.data)
    fDelayedIrrigationSelected               0x200001aa   Data           1  nxp_lcd_driver.o(.data)
    fSpecialSelected                         0x200001ab   Data           1  nxp_lcd_driver.o(.data)
    fDelayValueAdjust                        0x200001ac   Data           1  nxp_lcd_driver.o(.data)
    fSelStartTime_1_HourAdjust               0x200001ad   Data           1  nxp_lcd_driver.o(.data)
    fSelStartTime_1_MinuteAdjust             0x200001ae   Data           1  nxp_lcd_driver.o(.data)
    fSelStartTime_2_HourAdjust               0x200001af   Data           1  nxp_lcd_driver.o(.data)
    fSelStartTime_2_MinuteAdjust             0x200001b0   Data           1  nxp_lcd_driver.o(.data)
    fSelStartTime_3_HourAdjust               0x200001b1   Data           1  nxp_lcd_driver.o(.data)
    fSelStartTime_3_MinuteAdjust             0x200001b2   Data           1  nxp_lcd_driver.o(.data)
    fSelStartTime_4_HourAdjust               0x200001b3   Data           1  nxp_lcd_driver.o(.data)
    fSelStartTime_4_MinuteAdjust             0x200001b4   Data           1  nxp_lcd_driver.o(.data)
    fdayAdjust                               0x200001b5   Data           1  nxp_lcd_driver.o(.data)
    fmonthAdjust                             0x200001b6   Data           1  nxp_lcd_driver.o(.data)
    fyearAdjust                              0x200001b7   Data           1  nxp_lcd_driver.o(.data)
    fSpecialDaySelect_PT                     0x200001b8   Data           1  nxp_lcd_driver.o(.data)
    fSpecialDaySelect_SA                     0x200001b9   Data           1  nxp_lcd_driver.o(.data)
    fSpecialDaySelect_CA                     0x200001ba   Data           1  nxp_lcd_driver.o(.data)
    fSpecialDaySelect_PE                     0x200001bb   Data           1  nxp_lcd_driver.o(.data)
    fSpecialDaySelect_CU                     0x200001bc   Data           1  nxp_lcd_driver.o(.data)
    fSpecialDaySelect_CT                     0x200001bd   Data           1  nxp_lcd_driver.o(.data)
    fSpecialDaySelect_PZ                     0x200001be   Data           1  nxp_lcd_driver.o(.data)
    fmanuelIrrigationAdjust                  0x200001bf   Data           1  nxp_lcd_driver.o(.data)
    fmanuelIrrigationPlanAdjust              0x200001c0   Data           1  nxp_lcd_driver.o(.data)
    fPasswordAdjust                          0x200001c1   Data           1  nxp_lcd_driver.o(.data)
    fManuelRelayAdjust                       0x200001c2   Data           1  nxp_lcd_driver.o(.data)
    fActivateManuelMode                      0x200001c3   Data           1  nxp_lcd_driver.o(.data)
    fManuelWorkDurationAdjust                0x200001c4   Data           1  nxp_lcd_driver.o(.data)
    fStartManuelWork                         0x200001c5   Data           1  nxp_lcd_driver.o(.data)
    fStartAllRelayManuelWork                 0x200001c6   Data           1  nxp_lcd_driver.o(.data)
    fRelay1Status                            0x200001c7   Data           1  nxp_lcd_driver.o(.data)
    fRelay2Status                            0x200001c8   Data           1  nxp_lcd_driver.o(.data)
    fRelay3Status                            0x200001c9   Data           1  nxp_lcd_driver.o(.data)
    fRelay4Status                            0x200001ca   Data           1  nxp_lcd_driver.o(.data)
    fResetLCDBuffer                          0x200001cb   Data           1  nxp_lcd_driver.o(.data)
    fActivateManuelPlanMode                  0x200001cc   Data           1  nxp_lcd_driver.o(.data)
    fPasswordActivateMode                    0x200001cd   Data           1  nxp_lcd_driver.o(.data)
    fRecordtoEEPROM                          0x200001ce   Data           1  nxp_lcd_driver.o(.data)
    fCopySelenoidSettings                    0x200001cf   Data           1  nxp_lcd_driver.o(.data)
    fcopyAndPasteSelSettings                 0x200001d0   Data           1  nxp_lcd_driver.o(.data)
    fPlanSelenoidSettings                    0x200001d1   Data           1  nxp_lcd_driver.o(.data)
    fReadfromEEPROM                          0x200001d2   Data           1  nxp_lcd_driver.o(.data)
    fShowBatteryLevel                        0x200001d3   Data           1  nxp_lcd_driver.o(.data)
    fsetNewPasswordMode                      0x200001d4   Data           1  nxp_lcd_driver.o(.data)
    fPasswordDigit1Adjust                    0x200001d5   Data           1  nxp_lcd_driver.o(.data)
    fPasswordDigit2Adjust                    0x200001d6   Data           1  nxp_lcd_driver.o(.data)
    fPasswordDigit3Adjust                    0x200001d7   Data           1  nxp_lcd_driver.o(.data)
    fPasswordDigit4Adjust                    0x200001d8   Data           1  nxp_lcd_driver.o(.data)
    fUpdatePassword                          0x200001d9   Data           1  nxp_lcd_driver.o(.data)
    fHomePageWithPassword                    0x200001da   Data           1  nxp_lcd_driver.o(.data)
    fDeviceLockedWithPassword                0x200001db   Data           1  nxp_lcd_driver.o(.data)
    fEraseAllPrograms                        0x200001dc   Data           1  nxp_lcd_driver.o(.data)
    fshowCurrentDayOfWeek                    0x200001dd   Data           1  nxp_lcd_driver.o(.data)
    fWakeUpButtonPressed                     0x200001de   Data           1  nxp_lcd_driver.o(.data)
    fHSIOscillatorInit                       0x200001df   Data           1  nxp_lcd_driver.o(.data)
    fSetNextAlarm                            0x200001e0   Data           1  nxp_lcd_driver.o(.data)
    fWakeUpFromRTC                           0x200001e1   Data           1  nxp_lcd_driver.o(.data)
    fSystemOFF                               0x200001e2   Data           1  nxp_lcd_driver.o(.data)
    finitRtcAlarm                            0x200001e3   Data           1  nxp_lcd_driver.o(.data)
    fUpdateInvPassCnt                        0x200001e4   Data           1  nxp_lcd_driver.o(.data)
    fproducerPasswordNeeded                  0x200001e5   Data           1  nxp_lcd_driver.o(.data)
    fproducerPassword_1_Adj                  0x200001e6   Data           1  nxp_lcd_driver.o(.data)
    fproducerPassword_2_Adj                  0x200001e7   Data           1  nxp_lcd_driver.o(.data)
    fproducerPassword_3_Adj                  0x200001e8   Data           1  nxp_lcd_driver.o(.data)
    fproducerPassword_4_Adj                  0x200001e9   Data           1  nxp_lcd_driver.o(.data)
    fproducerPassword_5_Adj                  0x200001ea   Data           1  nxp_lcd_driver.o(.data)
    fproducerPassword_6_Adj                  0x200001eb   Data           1  nxp_lcd_driver.o(.data)
    fproducerPassword_7_Adj                  0x200001ec   Data           1  nxp_lcd_driver.o(.data)
    fproducerPassword_8_Adj                  0x200001ed   Data           1  nxp_lcd_driver.o(.data)
    fproducerPassword_9_Adj                  0x200001ee   Data           1  nxp_lcd_driver.o(.data)
    fproducerPassword_10_Adj                 0x200001ef   Data           1  nxp_lcd_driver.o(.data)
    fAnyRelayON                              0x200001f0   Data           1  nxp_lcd_driver.o(.data)
    fBatteryReady                            0x200001f1   Data           1  nxp_lcd_driver.o(.data)
    fAll_Her_Selected                        0x200001f2   Data           1  nxp_lcd_driver.o(.data)
    fManuelAllRelayWorkDurAdj                0x200001f3   Data           1  nxp_lcd_driver.o(.data)
    fcelenderPlanDelayed                     0x200001f4   Data           1  nxp_lcd_driver.o(.data)
    fResetLCDBufferwithDelay                 0x200001f5   Data           1  nxp_lcd_driver.o(.data)
    resetLCDBufferDelayMs                    0x200001f8   Data           4  nxp_lcd_driver.o(.data)
    fOpenRelay_1_WithDelay                   0x200001fc   Data           1  nxp_lcd_driver.o(.data)
    fOpenRelay_2_WithDelay                   0x200001fd   Data           1  nxp_lcd_driver.o(.data)
    fOpenRelay_3_WithDelay                   0x200001fe   Data           1  nxp_lcd_driver.o(.data)
    fOpenRelay_4_WithDelay                   0x200001ff   Data           1  nxp_lcd_driver.o(.data)
    relayOpenDelayMs                         0x20000200   Data           4  nxp_lcd_driver.o(.data)
    factoryReseyKEY                          0x20000204   Data          10  nxp_lcd_driver.o(.data)
    pendingRelay                             0x20000210   Data         128  nxp_lcd_driver.o(.data)
    sel_work_duration                        0x20000290   Data           4  nxp_lcd_driver.o(.data)
    sel_delayed_irr_val                      0x20000294   Data           4  nxp_lcd_driver.o(.data)
    sel_manuel_work_duration                 0x20000298   Data           4  nxp_lcd_driver.o(.data)
    sel_special_irr_days                     0x2000029c   Data           4  nxp_lcd_driver.o(.data)
    sel_start_time_min                       0x200002a0   Data          16  nxp_lcd_driver.o(.data)
    sel_start_time_hour                      0x200002b0   Data          16  nxp_lcd_driver.o(.data)
    password                                 0x200002c0   Data           4  nxp_lcd_driver.o(.data)
    tmpPassword                              0x200002c4   Data           4  nxp_lcd_driver.o(.data)
    fPasswordSetted                          0x200002c8   Data           1  nxp_lcd_driver.o(.data)
    invalidPasswordCnt                       0x200002c9   Data           1  nxp_lcd_driver.o(.data)
    all_manuel_work_duration                 0x200002ca   Data           1  nxp_lcd_driver.o(.data)
    selectedSelenoid                         0x200002cb   Data           1  nxp_lcd_driver.o(.data)
    SystemCoreClock                          0x200002cc   Data           4  system_stm32l0xx.o(.data)
    batteryVoltageSample                     0x200002d0   Data          40  main.o(.bss)
    factoryPASSWORD                          0x200002f8   Data          10  nxp_lcd_driver.o(.bss)
    relayCelendar                            0x20000304   Data         128  nxp_lcd_driver.o(.bss)
    pendingRtcIrq                            0x20000384   Data         128  nxp_lcd_driver.o(.bss)
    LCD_Ram_Data_Row                         0x20000404   Data         120  nxp_lcd_driver.o(.bss)
    __libspace_start                         0x2000047c   Data          96  libspace.o(.bss)
    __temporary_stack_top$libspace           0x200004dc   Data           0  libspace.o(.bss)



==============================================================================

Memory Map of the image

  Image Entry point : 0x080000c1

  Load Region LR_IROM1 (Base: 0x08000000, Size: 0x0000ccc4, Max: 0x00010000, ABSOLUTE, COMPRESSED[0x0000ca58])

    Execution Region ER_IROM1 (Exec base: 0x08000000, Load base: 0x08000000, Size: 0x0000c9f4, Max: 0x00010000, ABSOLUTE)

    Exec Addr    Load Addr    Size         Type   Attr      Idx    E Section Name        Object

    0x08000000   0x08000000   0x000000c0   Data   RO         1264    RESET               startup_stm32l053xx.o
    0x080000c0   0x080000c0   0x00000008   Code   RO         1344  * !!!main             c_p.l(__main.o)
    0x080000c8   0x080000c8   0x0000003c   Code   RO         1593    !!!scatter          c_p.l(__scatter.o)
    0x08000104   0x08000104   0x0000001c   Code   RO         1595    !!handler_zi        c_p.l(__scatter_zi.o)
    0x08000120   0x08000120   0x00000002   Code   RO         1335    .ARM.Collect$$_printf_percent$$00000000  c_p.l(_printf_percent.o)
    0x08000122   0x08000122   0x0000000a   Code   RO         1334    .ARM.Collect$$_printf_percent$$00000009  c_p.l(_printf_d.o)
    0x0800012c   0x0800012c   0x00000004   Code   RO         1393    .ARM.Collect$$_printf_percent$$00000017  c_p.l(_printf_percent_end.o)
    0x08000130   0x08000130   0x00000002   Code   RO         1474    .ARM.Collect$$libinit$$00000000  c_p.l(libinit.o)
    0x08000132   0x08000132   0x00000000   Code   RO         1476    .ARM.Collect$$libinit$$00000002  c_p.l(libinit2.o)
    0x08000132   0x08000132   0x00000000   Code   RO         1478    .ARM.Collect$$libinit$$00000004  c_p.l(libinit2.o)
    0x08000132   0x08000132   0x00000000   Code   RO         1481    .ARM.Collect$$libinit$$0000000A  c_p.l(libinit2.o)
    0x08000132   0x08000132   0x00000000   Code   RO         1483    .ARM.Collect$$libinit$$0000000C  c_p.l(libinit2.o)
    0x08000132   0x08000132   0x00000000   Code   RO         1485    .ARM.Collect$$libinit$$0000000E  c_p.l(libinit2.o)
    0x08000132   0x08000132   0x00000006   Code   RO         1486    .ARM.Collect$$libinit$$0000000F  c_p.l(libinit2.o)
    0x08000138   0x08000138   0x00000000   Code   RO         1488    .ARM.Collect$$libinit$$00000011  c_p.l(libinit2.o)
    0x08000138   0x08000138   0x0000000c   Code   RO         1489    .ARM.Collect$$libinit$$00000012  c_p.l(libinit2.o)
    0x08000144   0x08000144   0x00000000   Code   RO         1490    .ARM.Collect$$libinit$$00000013  c_p.l(libinit2.o)
    0x08000144   0x08000144   0x00000000   Code   RO         1492    .ARM.Collect$$libinit$$00000015  c_p.l(libinit2.o)
    0x08000144   0x08000144   0x00000000   Code   RO         1494    .ARM.Collect$$libinit$$00000017  c_p.l(libinit2.o)
    0x08000144   0x08000144   0x00000000   Code   RO         1496    .ARM.Collect$$libinit$$00000019  c_p.l(libinit2.o)
    0x08000144   0x08000144   0x00000000   Code   RO         1498    .ARM.Collect$$libinit$$0000001B  c_p.l(libinit2.o)
    0x08000144   0x08000144   0x00000000   Code   RO         1500    .ARM.Collect$$libinit$$0000001D  c_p.l(libinit2.o)
    0x08000144   0x08000144   0x00000000   Code   RO         1502    .ARM.Collect$$libinit$$0000001F  c_p.l(libinit2.o)
    0x08000144   0x08000144   0x00000000   Code   RO         1504    .ARM.Collect$$libinit$$00000021  c_p.l(libinit2.o)
    0x08000144   0x08000144   0x00000000   Code   RO         1506    .ARM.Collect$$libinit$$00000023  c_p.l(libinit2.o)
    0x08000144   0x08000144   0x00000000   Code   RO         1508    .ARM.Collect$$libinit$$00000025  c_p.l(libinit2.o)
    0x08000144   0x08000144   0x00000000   Code   RO         1512    .ARM.Collect$$libinit$$0000002C  c_p.l(libinit2.o)
    0x08000144   0x08000144   0x00000000   Code   RO         1514    .ARM.Collect$$libinit$$0000002E  c_p.l(libinit2.o)
    0x08000144   0x08000144   0x00000000   Code   RO         1516    .ARM.Collect$$libinit$$00000030  c_p.l(libinit2.o)
    0x08000144   0x08000144   0x00000000   Code   RO         1518    .ARM.Collect$$libinit$$00000032  c_p.l(libinit2.o)
    0x08000144   0x08000144   0x00000002   Code   RO         1519    .ARM.Collect$$libinit$$00000033  c_p.l(libinit2.o)
    0x08000146   0x08000146   0x00000002   Code   RO         1572    .ARM.Collect$$libshutdown$$00000000  c_p.l(libshutdown.o)
    0x08000148   0x08000148   0x00000000   Code   RO         1574    .ARM.Collect$$libshutdown$$00000002  c_p.l(libshutdown2.o)
    0x08000148   0x08000148   0x00000000   Code   RO         1576    .ARM.Collect$$libshutdown$$00000004  c_p.l(libshutdown2.o)
    0x08000148   0x08000148   0x00000000   Code   RO         1579    .ARM.Collect$$libshutdown$$00000007  c_p.l(libshutdown2.o)
    0x08000148   0x08000148   0x00000000   Code   RO         1582    .ARM.Collect$$libshutdown$$0000000A  c_p.l(libshutdown2.o)
    0x08000148   0x08000148   0x00000000   Code   RO         1584    .ARM.Collect$$libshutdown$$0000000C  c_p.l(libshutdown2.o)
    0x08000148   0x08000148   0x00000000   Code   RO         1587    .ARM.Collect$$libshutdown$$0000000F  c_p.l(libshutdown2.o)
    0x08000148   0x08000148   0x00000002   Code   RO         1588    .ARM.Collect$$libshutdown$$00000010  c_p.l(libshutdown2.o)
    0x0800014a   0x0800014a   0x00000000   Code   RO         1380    .ARM.Collect$$rtentry$$00000000  c_p.l(__rtentry.o)
    0x0800014a   0x0800014a   0x00000000   Code   RO         1410    .ARM.Collect$$rtentry$$00000002  c_p.l(__rtentry2.o)
    0x0800014a   0x0800014a   0x00000006   Code   RO         1422    .ARM.Collect$$rtentry$$00000004  c_p.l(__rtentry4.o)
    0x08000150   0x08000150   0x00000000   Code   RO         1412    .ARM.Collect$$rtentry$$00000009  c_p.l(__rtentry2.o)
    0x08000150   0x08000150   0x00000004   Code   RO         1413    .ARM.Collect$$rtentry$$0000000A  c_p.l(__rtentry2.o)
    0x08000154   0x08000154   0x00000000   Code   RO         1415    .ARM.Collect$$rtentry$$0000000C  c_p.l(__rtentry2.o)
    0x08000154   0x08000154   0x00000008   Code   RO         1416    .ARM.Collect$$rtentry$$0000000D  c_p.l(__rtentry2.o)
    0x0800015c   0x0800015c   0x00000002   Code   RO         1523    .ARM.Collect$$rtexit$$00000000  c_p.l(rtexit.o)
    0x0800015e   0x0800015e   0x00000000   Code   RO         1536    .ARM.Collect$$rtexit$$00000002  c_p.l(rtexit2.o)
    0x0800015e   0x0800015e   0x00000004   Code   RO         1537    .ARM.Collect$$rtexit$$00000003  c_p.l(rtexit2.o)
    0x08000162   0x08000162   0x00000006   Code   RO         1538    .ARM.Collect$$rtexit$$00000004  c_p.l(rtexit2.o)
    0x08000168   0x08000168   0x00000038   Code   RO         1265    .text               startup_stm32l053xx.o
    0x080001a0   0x080001a0   0x0000001e   Code   RO         1304    .text               c_p.l(toupper.o)
    0x080001be   0x080001be   0x00000002   PAD
    0x080001c0   0x080001c0   0x00000028   Code   RO         1308    .text               c_p.l(noretval__2sprintf.o)
    0x080001e8   0x080001e8   0x0000006c   Code   RO         1310    .text               c_p.l(__printf.o)
    0x08000254   0x08000254   0x0000006c   Code   RO         1312    .text               c_p.l(_printf_dec.o)
    0x080002c0   0x080002c0   0x0000007c   Code   RO         1336    .text               c_p.l(assert.o)
    0x0800033c   0x0800033c   0x0000015a   Code   RO         1338    .text               c_p.l(aeabi_sdiv.o)
    0x08000496   0x08000496   0x00000006   Code   RO         1342    .text               c_p.l(heapauxi.o)
    0x0800049c   0x0800049c   0x0000007c   Code   RO         1346    .text               fz_ps.l(d2f.o)
    0x08000518   0x08000518   0x00000358   Code   RO         1348    .text               fz_ps.l(daddsub.o)
    0x08000870   0x08000870   0x00000448   Code   RO         1350    .text               fz_ps.l(ddiv.o)
    0x08000cb8   0x08000cb8   0x00000048   Code   RO         1353    .text               fz_ps.l(dfixui.o)
    0x08000d00   0x08000d00   0x00000054   Code   RO         1359    .text               fz_ps.l(f2d.o)
    0x08000d54   0x08000d54   0x00000160   Code   RO         1367    .text               fz_ps.l(fdiv.o)
    0x08000eb4   0x08000eb4   0x0000005e   Code   RO         1370    .text               fz_ps.l(fflti.o)
    0x08000f12   0x08000f12   0x00000002   PAD
    0x08000f14   0x08000f14   0x00000010   Code   RO         1381    .text               c_p.l(rt_ctype_table.o)
    0x08000f24   0x08000f24   0x000000b0   Code   RO         1387    .text               c_p.l(_printf_intcommon.o)
    0x08000fd4   0x08000fd4   0x00000030   Code   RO         1389    .text               c_p.l(_printf_char_common.o)
    0x08001004   0x08001004   0x0000000a   Code   RO         1391    .text               c_p.l(_sputc.o)
    0x0800100e   0x0800100e   0x00000014   Code   RO         1394    .text               c_p.l(abort.o)
    0x08001022   0x08001022   0x00000014   Code   RO         1396    .text               c_p.l(assert_puts.o)
    0x08001036   0x08001036   0x00000028   Code   RO         1398    .text               c_p.l(rtudiv10.o)
    0x0800105e   0x0800105e   0x00000002   PAD
    0x08001060   0x08001060   0x00000090   Code   RO         1400    .text               fz_ps.l(dcmpin.o)
    0x080010f0   0x080010f0   0x00000064   Code   RO         1402    .text               fz_ps.l(fcmpin.o)
    0x08001154   0x08001154   0x0000000c   Code   RO         1405    .text               c_p.l(sys_wrch.o)
    0x08001160   0x08001160   0x0000000c   Code   RO         1407    .text               c_p.l(sys_exit.o)
    0x0800116c   0x0800116c   0x00000008   Code   RO         1429    .text               c_p.l(rt_locale_intlibspace.o)
    0x08001174   0x08001174   0x0000000c   Code   RO         1436    .text               c_p.l(defsig_abrt_outer.o)
    0x08001180   0x08001180   0x0000002e   Code   RO         1440    .text               fz_ps.l(cmpret.o)
    0x080011ae   0x080011ae   0x00000002   PAD
    0x080011b0   0x080011b0   0x00000014   Code   RO         1442    .text               fz_ps.l(dnan2.o)
    0x080011c4   0x080011c4   0x00000010   Code   RO         1444    .text               fz_ps.l(fnan2.o)
    0x080011d4   0x080011d4   0x00000008   Code   RO         1446    .text               c_p.l(libspace.o)
    0x080011dc   0x080011dc   0x00000002   Code   RO         1449    .text               c_p.l(use_no_semi.o)
    0x080011de   0x080011de   0x00000000   Code   RO         1451    .text               c_p.l(indicate_semi.o)
    0x080011de   0x080011de   0x0000003e   Code   RO         1452    .text               c_p.l(sys_stackheap_outer.o)
    0x0800121c   0x0800121c   0x00000010   Code   RO         1457    .text               c_p.l(exit.o)
    0x0800122c   0x0800122c   0x0000000c   Code   RO         1459    .text               c_p.l(defsig_exit.o)
    0x08001238   0x08001238   0x00000030   Code   RO         1461    .text               c_p.l(defsig_abrt_inner.o)
    0x08001268   0x08001268   0x00000088   Code   RO         1467    .text               c_p.l(strcmp.o)
    0x080012f0   0x080012f0   0x0000005e   Code   RO         1520    .text               fz_ps.l(retnan.o)
    0x0800134e   0x0800134e   0x00000034   Code   RO         1527    .text               c_p.l(defsig_general.o)
    0x08001382   0x08001382   0x00000056   Code   RO         1591    .text               c_p.l(__dczerorl2.o)
    0x080013d8   0x080013d8   0x00000018   Code   RO            3    i.BtnCallback       main.o
    0x080013f0   0x080013f0   0x00000050   Code   RO          593    i.ConfigureADC      adc.o
    0x08001440   0x08001440   0x00000044   Code   RO          806    i.Configure_DBG     button.o
    0x08001484   0x08001484   0x0000004c   Code   RO          807    i.Configure_EXTI    button.o
    0x080014d0   0x080014d0   0x00000080   Code   RO          808    i.DelayValueAdjust  button.o
    0x08001550   0x08001550   0x00000068   Code   RO          605    i.DisableADC        adc.o
    0x080015b8   0x080015b8   0x00000034   Code   RO          410    i.EXTI0_1_IRQHandler  interrupt.o
    0x080015ec   0x080015ec   0x00000028   Code   RO          176    i.EepromErase       main.o
    0x08001614   0x08001614   0x00000044   Code   RO          599    i.EnableADC         adc.o
    0x08001658   0x08001658   0x00000128   Code   RO            4    i.FLASH_IRQHandler  main.o
    0x08001780   0x08001780   0x00000024   Code   RO          411    i.HardFault_Handler  interrupt.o
    0x080017a4   0x080017a4   0x0000000c   Code   RO          412    i.I2C1_IRQHandler   interrupt.o
    0x080017b0   0x080017b0   0x0000010c   Code   RO         1089    i.I2C_Init          i2c.o
    0x080018bc   0x080018bc   0x000000d8   Code   RO         1090    i.I2C_Write         i2c.o
    0x08001994   0x08001994   0x000000e0   Code   RO         1091    i.I2C_Write_LCD     i2c.o
    0x08001a74   0x08001a74   0x00000040   Code   RO          809    i.IncAndFwdLPrs     button.o
    0x08001ab4   0x08001ab4   0x0000010c   Code   RO          617    i.Init_RTC          rtc.o
    0x08001bc0   0x08001bc0   0x00000018   Code   RO         1144    i.LCDBufferReset    nxp_lcd_driver.o
    0x08001bd8   0x08001bd8   0x0000001c   Code   RO         1145    i.LCDPowerOFF       nxp_lcd_driver.o
    0x08001bf4   0x08001bf4   0x00000010   Code   RO         1146    i.LCDPowerON        nxp_lcd_driver.o
    0x08001c04   0x08001c04   0x00000034   Code   RO          146    i.LockNVM           main.o
    0x08001c38   0x08001c38   0x0000003c   Code   RO          810    i.ManuelALLWorkDurationAdjust  button.o
    0x08001c74   0x08001c74   0x00000074   Code   RO          811    i.ManuelWorkDurationAdjust  button.o
    0x08001ce8   0x08001ce8   0x00000002   Code   RO          413    i.NMI_Handler       interrupt.o
    0x08001cea   0x08001cea   0x00000002   PAD
    0x08001cec   0x08001cec   0x00000014   Code   RO            5    i.NVIC_EnableIRQ    main.o
    0x08001d00   0x08001d00   0x00000014   Code   RO          618    i.NVIC_EnableIRQ    rtc.o
    0x08001d14   0x08001d14   0x00000078   Code   RO            6    i.NVIC_SetPriority  main.o
    0x08001d8c   0x08001d8c   0x00000078   Code   RO          414    i.NVIC_SetPriority  interrupt.o
    0x08001e04   0x08001e04   0x00000078   Code   RO          619    i.NVIC_SetPriority  rtc.o
    0x08001e7c   0x08001e7c   0x00000078   Code   RO          812    i.NVIC_SetPriority  button.o
    0x08001ef4   0x08001ef4   0x00000078   Code   RO         1092    i.NVIC_SetPriority  i2c.o
    0x08001f6c   0x08001f6c   0x00000002   Code   RO          415    i.PendSV_Handler    interrupt.o
    0x08001f6e   0x08001f6e   0x00000002   PAD
    0x08001f70   0x08001f70   0x00000090   Code   RO          416    i.RCC_CRS_IRQHandler  interrupt.o
    0x08002000   0x08002000   0x00000124   Code   RO          417    i.RTC_IRQHandler    interrupt.o
    0x08002124   0x08002124   0x0000002c   Code   RO         1093    i.Reset_I2C         i2c.o
    0x08002150   0x08002150   0x00000002   Code   RO          418    i.SVC_Handler       interrupt.o
    0x08002152   0x08002152   0x00000002   PAD
    0x08002154   0x08002154   0x00000084   Code   RO          813    i.SelenoidStartTime_1_HourAdjust  button.o
    0x080021d8   0x080021d8   0x00000084   Code   RO          814    i.SelenoidStartTime_1_MinuteAdjust  button.o
    0x0800225c   0x0800225c   0x00000154   Code   RO          815    i.SelenoidStartTime_2_HourAdjust  button.o
    0x080023b0   0x080023b0   0x00000154   Code   RO          816    i.SelenoidStartTime_2_MinuteAdjust  button.o
    0x08002504   0x08002504   0x00000154   Code   RO          817    i.SelenoidStartTime_3_HourAdjust  button.o
    0x08002658   0x08002658   0x00000154   Code   RO          818    i.SelenoidStartTime_3_MinuteAdjust  button.o
    0x080027ac   0x080027ac   0x00000154   Code   RO          819    i.SelenoidStartTime_4_HourAdjust  button.o
    0x08002900   0x08002900   0x00000154   Code   RO          820    i.SelenoidStartTime_4_MinuteAdjust  button.o
    0x08002a54   0x08002a54   0x00000014   Code   RO          581    i.SetClockForADC    adc.o
    0x08002a68   0x08002a68   0x00000034   Code   RO            7    i.SysTick_Config    main.o
    0x08002a9c   0x08002a9c   0x00000008   Code   RO          419    i.SysTick_Handler   interrupt.o
    0x08002aa4   0x08002aa4   0x000000fc   Code   RO         1271    i.SystemCoreClockUpdate  system_stm32l0xx.o
    0x08002ba0   0x08002ba0   0x00000068   Code   RO         1272    i.SystemInit        system_stm32l0xx.o
    0x08002c08   0x08002c08   0x00000044   Code   RO          152    i.UnlockPELOCK      main.o
    0x08002c4c   0x08002c4c   0x00000020   Code   RO            8    i.Voltage_Conversion  main.o
    0x08002c6c   0x08002c6c   0x0000001c   Code   RO         1205    i.__ARM_common_switch8  nxp_lcd_driver.o
    0x08002c88   0x08002c88   0x0000000e   Code   RO          538    i.adc_bat_read_disable  adc.o
    0x08002c96   0x08002c96   0x0000000e   Code   RO          539    i.adc_bat_read_enable  adc.o
    0x08002ca4   0x08002ca4   0x00000038   Code   RO          357    i.adc_con_pins_init  hw.o
    0x08002cdc   0x08002cdc   0x0000000e   Code   RO          540    i.adc_sens_read_disable  adc.o
    0x08002cea   0x08002cea   0x00000002   PAD
    0x08002cec   0x08002cec   0x00000064   Code   RO          821    i.anyButtonPressed  button.o
    0x08002d50   0x08002d50   0x00000270   Code   RO          358    i.arrangeGPIOforSleep  hw.o
    0x08002fc0   0x08002fc0   0x00000424   Code   RO          822    i.backbprs          button.o
    0x080033e4   0x080033e4   0x0000010c   Code   RO            9    i.batteryVoltageCon  main.o
    0x080034f0   0x080034f0   0x00000022   Code   RO          823    i.bcd2cnv           button.o
    0x08003512   0x08003512   0x00000002   PAD
    0x08003514   0x08003514   0x00000040   Code   RO          272    i.btn_isr           btn.o
    0x08003554   0x08003554   0x000000b0   Code   RO          273    i.btn_registerCallback  btn.o
    0x08003604   0x08003604   0x000005e0   Code   RO          824    i.butread           button.o
    0x08003be4   0x08003be4   0x00000054   Code   RO          825    i.button_init       button.o
    0x08003c38   0x08003c38   0x00000040   Code   RO           10    i.cancelPrevIrr     main.o
    0x08003c78   0x08003c78   0x000000c8   Code   RO         1377    i.ceil              m_ps.l(ceil.o)
    0x08003d40   0x08003d40   0x000000b8   Code   RO           11    i.celenderSort      main.o
    0x08003df8   0x08003df8   0x000001dc   Code   RO          826    i.checkFactoryKey   button.o
    0x08003fd4   0x08003fd4   0x000000d8   Code   RO          827    i.checkPasword      button.o
    0x080040ac   0x080040ac   0x000000ec   Code   RO          828    i.clearAllDetailAdjustment  button.o
    0x08004198   0x08004198   0x0000002e   Code   RO          668    i.closeRelay1       selenoid.o
    0x080041c6   0x080041c6   0x0000002e   Code   RO          669    i.closeRelay2       selenoid.o
    0x080041f4   0x080041f4   0x0000002c   Code   RO          670    i.closeRelay3       selenoid.o
    0x08004220   0x08004220   0x0000002e   Code   RO          671    i.closeRelay4       selenoid.o
    0x0800424e   0x0800424e   0x00000002   PAD
    0x08004250   0x08004250   0x00000088   Code   RO          620    i.configureAlarmA   rtc.o
    0x080042d8   0x080042d8   0x00000088   Code   RO          621    i.configureAlarmB   rtc.o
    0x08004360   0x08004360   0x000000f8   Code   RO           12    i.copyAndPasteSelSettings  main.o
    0x08004458   0x08004458   0x00000054   Code   RO          829    i.dbAndIncLPrs      button.o
    0x080044ac   0x080044ac   0x0000056c   Code   RO          830    i.dbprs             button.o
    0x08004a18   0x08004a18   0x0000001e   Code   RO          831    i.dow               button.o
    0x08004a36   0x08004a36   0x00000002   PAD
    0x08004a38   0x08004a38   0x000000f4   Code   RO          158    i.erase_all_programs  main.o
    0x08004b2c   0x08004b2c   0x0000072c   Code   RO          832    i.forwardbprs       button.o
    0x08005258   0x08005258   0x000000a4   Code   RO          833    i.fwdAndBckPrs      button.o
    0x080052fc   0x080052fc   0x0000000e   Code   RO          359    i.gpio_clear        hw.o
    0x0800530a   0x0800530a   0x0000000e   Code   RO          542    i.gpio_clear        adc.o
    0x08005318   0x08005318   0x0000000e   Code   RO          672    i.gpio_clear        selenoid.o
    0x08005326   0x08005326   0x00000002   PAD
    0x08005328   0x08005328   0x0000021c   Code   RO          334    i.gpio_init         gpio.o
    0x08005544   0x08005544   0x0000000c   Code   RO          543    i.gpio_set          adc.o
    0x08005550   0x08005550   0x0000000c   Code   RO          673    i.gpio_set          selenoid.o
    0x0800555c   0x0800555c   0x0000000c   Code   RO         1147    i.gpio_set          nxp_lcd_driver.o
    0x08005568   0x08005568   0x0000016c   Code   RO          360    i.hw_init           hw.o
    0x080056d4   0x080056d4   0x0000002c   Code   RO          361    i.hw_initSysclock   hw.o
    0x08005700   0x08005700   0x00000610   Code   RO          834    i.ibprs             button.o
    0x08005d10   0x08005d10   0x00000058   Code   RO          835    i.incAndBckLPrs     button.o
    0x08005d68   0x08005d68   0x0000002c   Code   RO          836    i.leap              button.o
    0x08005d94   0x08005d94   0x0000032c   Code   RO           13    i.main              main.o
    0x080060c0   0x080060c0   0x00000560   Code   RO           14    i.manuelAllWorkCelender  main.o
    0x08006620   0x08006620   0x000001dc   Code   RO           15    i.manuelWorkCelender  main.o
    0x080067fc   0x080067fc   0x000000f8   Code   RO          837    i.mbprs             button.o
    0x080068f4   0x080068f4   0x000000b4   Code   RO           16    i.myWatchDogBOMB    main.o
    0x080069a8   0x080069a8   0x0000009c   Code   RO         1148    i.nxpInit           nxp_lcd_driver.o
    0x08006a44   0x08006a44   0x0000001e   Code   RO          675    i.openRelay1        selenoid.o
    0x08006a62   0x08006a62   0x0000001e   Code   RO          676    i.openRelay2        selenoid.o
    0x08006a80   0x08006a80   0x0000001a   Code   RO          677    i.openRelay3        selenoid.o
    0x08006a9a   0x08006a9a   0x0000001e   Code   RO          678    i.openRelay4        selenoid.o
    0x08006ab8   0x08006ab8   0x00000050   Code   RO          838    i.passwordAdjust    button.o
    0x08006b08   0x08006b08   0x00000050   Code   RO          839    i.producerPassAdj   button.o
    0x08006b58   0x08006b58   0x0000001c   Code   RO           17    i.programCelendar   main.o
    0x08006b74   0x08006b74   0x000001fc   Code   RO          164    i.read_from_EEPROM  main.o
    0x08006d70   0x08006d70   0x00000098   Code   RO          170    i.recort_password_to_EEPROM  main.o
    0x08006e08   0x08006e08   0x00000210   Code   RO          182    i.recort_to_EEPROM  main.o
    0x08007018   0x08007018   0x00000050   Code   RO           18    i.resetPendingRelay  main.o
    0x08007068   0x08007068   0x0000003c   Code   RO          840    i.selectedSelenoidUpdate  button.o
    0x080070a4   0x080070a4   0x00000248   Code   RO          679    i.selenoidCon       selenoid.o
    0x080072ec   0x080072ec   0x00000074   Code   RO          841    i.selenoidWorkDurAdj  button.o
    0x08007360   0x08007360   0x0000000e   Code   RO          680    i.selenoid_disable  selenoid.o
    0x0800736e   0x0800736e   0x0000000e   Code   RO          681    i.selenoid_enable   selenoid.o
    0x0800737c   0x0800737c   0x000000a4   Code   RO          682    i.selenoid_init     selenoid.o
    0x08007420   0x08007420   0x00000010   Code   RO          685    i.selenoid_sleep    selenoid.o
    0x08007430   0x08007430   0x00000010   Code   RO          686    i.selenoid_wakeup   selenoid.o
    0x08007440   0x08007440   0x000000fc   Code   RO         1149    i.sevenSegCode      nxp_lcd_driver.o
    0x0800753c   0x0800753c   0x00000280   Code   RO           19    i.sleepCon          main.o
    0x080077bc   0x080077bc   0x00000018   Code   RO          487    i.systick_delayMs   systick.o
    0x080077d4   0x080077d4   0x000003d0   Code   RO          490    i.systick_irq       systick.o
    0x08007ba4   0x08007ba4   0x000000d0   Code   RO         1150    i.updateBatLevelDigit  nxp_lcd_driver.o
    0x08007c74   0x08007c74   0x000001f0   Code   RO          842    i.updateDay         button.o
    0x08007e64   0x08007e64   0x000000ec   Code   RO          843    i.updateHour        button.o
    0x08007f50   0x08007f50   0x00000040   Code   RO           20    i.updateInvalidPassWord  main.o
    0x08007f90   0x08007f90   0x00003424   Code   RO         1151    i.updateLCDBuffer   nxp_lcd_driver.o
    0x0800b3b4   0x0800b3b4   0x000000ec   Code   RO          844    i.updateMinute      button.o
    0x0800b4a0   0x0800b4a0   0x00000118   Code   RO          845    i.updateMonth       button.o
    0x0800b5b8   0x0800b5b8   0x000004d0   Code   RO           21    i.updateRTCAlarm    main.o
    0x0800ba88   0x0800ba88   0x00000540   Code   RO           22    i.updateRelayCelendar  main.o
    0x0800bfc8   0x0800bfc8   0x000001cc   Code   RO           23    i.updateSelenoidPosition  main.o
    0x0800c194   0x0800c194   0x00000118   Code   RO          846    i.updateYear        button.o
    0x0800c2ac   0x0800c2ac   0x00000178   Code   RO           24    i.wakeUp            main.o
    0x0800c424   0x0800c424   0x00000044   Code   RO          847    i.zeller            button.o
    0x0800c468   0x0800c468   0x0000002c   Code   RO         1434    locale$$code        c_p.l(lc_ctype_c.o)
    0x0800c494   0x0800c494   0x00000064   Code   RO         1355    x$fpl$dleqf         fz_ps.l(dlef.o)
    0x0800c4f8   0x0800c4f8   0x00000068   Code   RO         1357    x$fpl$drleqf        fz_ps.l(drlef.o)
    0x0800c560   0x0800c560   0x0000008c   Code   RO         1361    x$fpl$fadd          fz_ps.l(faddsub.o)
    0x0800c5ec   0x0800c5ec   0x000000b0   Code   RO         1372    x$fpl$fmul          fz_ps.l(fmul.o)
    0x0800c69c   0x0800c69c   0x00000058   Code   RO         1374    x$fpl$frleqf        fz_ps.l(frlef.o)
    0x0800c6f4   0x0800c6f4   0x000000d0   Code   RO         1363    x$fpl$fsub          fz_ps.l(faddsub.o)
    0x0800c7c4   0x0800c7c4   0x00000000   Code   RO         1404    x$fpl$usenofp       fz_ps.l(usenofp.o)
    0x0800c7c4   0x0800c7c4   0x00000010   Data   RO          363    .constdata          hw.o
    0x0800c7d4   0x0800c7d4   0x00000004   Data   RO          687    .constdata          selenoid.o
    0x0800c7d8   0x0800c7d8   0x00000004   Data   RO          848    .constdata          button.o
    0x0800c7dc   0x0800c7dc   0x00000004   Data   RO         1153    .constdata          nxp_lcd_driver.o
    0x0800c7e0   0x0800c7e0   0x00000021   Data   RO         1273    .constdata          system_stm32l0xx.o
    0x0800c801   0x0800c801   0x00000080   Data   RO         1351    .constdata          fz_ps.l(ddiv.o)
    0x0800c881   0x0800c881   0x00000040   Data   RO         1368    .constdata          fz_ps.l(fdiv.o)
    0x0800c8c1   0x0800c8c1   0x00000003   PAD
    0x0800c8c4   0x0800c8c4   0x00000020   Data   RO         1589    Region$$Table       anon$$obj.o
    0x0800c8e4   0x0800c8e4   0x00000110   Data   RO         1433    locale$$data        c_p.l(lc_ctype_c.o)


    Execution Region RW_IRAM1 (Exec base: 0x20000000, Load base: 0x0800c9f4, Size: 0x00000ae0, Max: 0x00002000, ABSOLUTE, COMPRESSED[0x00000064])

    Exec Addr    Load Addr    Size         Type   Attr      Idx    E Section Name        Object

    0x20000000   COMPRESSED   0x0000001c   Data   RW           26    .data               main.o
    0x2000001c   COMPRESSED   0x00000006   Data   RW          275    .data               btn.o
    0x20000022   COMPRESSED   0x00000002   PAD
    0x20000024   COMPRESSED   0x00000040   Data   RW          491    .data               systick.o
    0x20000064   COMPRESSED   0x00000001   Data   RW          622    .data               rtc.o
    0x20000065   COMPRESSED   0x00000008   Data   RW          688    .data               selenoid.o
    0x2000006d   COMPRESSED   0x00000003   PAD
    0x20000070   COMPRESSED   0x0000008c   Data   RW          849    .data               button.o
    0x200000fc   COMPRESSED   0x000001d0   Data   RW         1154    .data               nxp_lcd_driver.o
    0x200002cc   COMPRESSED   0x00000004   Data   RW         1274    .data               system_stm32l0xx.o
    0x200002d0        -       0x00000028   Zero   RW           25    .bss                main.o
    0x200002f8        -       0x00000184   Zero   RW         1152    .bss                nxp_lcd_driver.o
    0x2000047c        -       0x00000060   Zero   RW         1447    .bss                c_p.l(libspace.o)
    0x200004dc   COMPRESSED   0x00000004   PAD
    0x200004e0        -       0x00000200   Zero   RW         1263    HEAP                startup_stm32l053xx.o
    0x200006e0        -       0x00000400   Zero   RW         1262    STACK               startup_stm32l053xx.o


==============================================================================

Image component sizes


      Code (inc. data)   RO Data    RW Data    ZI Data      Debug   Object Name

       340         34          0          0          0       3718   adc.o
       240        120          0          6          0       9221   btn.o
     14012       1960          4        140          0      32781   button.o
       540        232          0          0          0       1908   gpio.o
      1102         40         16          0          0       3782   hw.o
       872         58          0          0          0      10843   i2c.o
       670        124          0          0          0      11852   interrupt.o
      9968        976          0         28         40     149381   main.o
     14072       1156          4        464        388      20957   nxp_lcd_driver.o
       680         62          0          1          0       2709   rtc.o
      1132         74          4          8          0       7512   selenoid.o
        56         26        192          0       1536        596   startup_stm32l053xx.o
       356         38         33          4          0       1975   system_stm32l0xx.o
      1000        202          0         64          0       9507   systick.o

    ----------------------------------------------------------------------
     45056       5102        285        720       1964     266742   Object Totals
         0          0         32          0          0          0   (incl. Generated)
        16          0          0          5          0          0   (incl. Padding)

    ----------------------------------------------------------------------

      Code (inc. data)   RO Data    RW Data    ZI Data      Debug   Library Member Name

        86          0          0          0          0          0   __dczerorl2.o
         8          0          0          0          0         68   __main.o
       108          0          0          0          0         76   __printf.o
         0          0          0          0          0          0   __rtentry.o
        12          0          0          0          0          0   __rtentry2.o
         6          0          0          0          0          0   __rtentry4.o
        60          8          0          0          0          0   __scatter.o
        28          0          0          0          0          0   __scatter_zi.o
        48          6          0          0          0         88   _printf_char_common.o
        10          0          0          0          0          0   _printf_d.o
       108         18          0          0          0         76   _printf_dec.o
       176          0          0          0          0         84   _printf_intcommon.o
         2          0          0          0          0          0   _printf_percent.o
         4          0          0          0          0          0   _printf_percent_end.o
        10          0          0          0          0         60   _sputc.o
        20          0          0          0          0         68   abort.o
       346          0          0          0          0         92   aeabi_sdiv.o
       124         42          0          0          0         68   assert.o
        20          0          0          0          0         68   assert_puts.o
        48         34          0          0          0         68   defsig_abrt_inner.o
        12          0          0          0          0         68   defsig_abrt_outer.o
        12          0          0          0          0         68   defsig_exit.o
        52          0          0          0          0         72   defsig_general.o
        16          0          0          0          0         68   exit.o
         6          0          0          0          0        136   heapauxi.o
         0          0          0          0          0          0   indicate_semi.o
        44         10        272          0          0         76   lc_ctype_c.o
         2          0          0          0          0          0   libinit.o
        20          0          0          0          0          0   libinit2.o
         2          0          0          0          0          0   libshutdown.o
         2          0          0          0          0          0   libshutdown2.o
         8          4          0          0         96         68   libspace.o
        40          4          0          0          0         84   noretval__2sprintf.o
        16          4          0          0          0         76   rt_ctype_table.o
         8          4          0          0          0         68   rt_locale_intlibspace.o
         2          0          0          0          0          0   rtexit.o
        10          0          0          0          0          0   rtexit2.o
        40          0          0          0          0         60   rtudiv10.o
       136          4          0          0          0         72   strcmp.o
        12          4          0          0          0         60   sys_exit.o
        62          0          0          0          0         80   sys_stackheap_outer.o
        12          0          0          0          0         68   sys_wrch.o
        30          0          0          0          0         68   toupper.o
         2          0          0          0          0         68   use_no_semi.o
        46          0          0          0          0         60   cmpret.o
       124          4          0          0          0         72   d2f.o
       856         20          0          0          0        208   daddsub.o
       144          4          0          0          0         76   dcmpin.o
      1096         26        128          0          0        112   ddiv.o
        72          4          0          0          0         68   dfixui.o
       100          4          0          0          0         92   dlef.o
        20          6          0          0          0         68   dnan2.o
       104          4          0          0          0        104   drlef.o
        84          4          0          0          0         60   f2d.o
       348          8          0          0          0        160   faddsub.o
       100          4          0          0          0         68   fcmpin.o
       352         10         64          0          0         92   fdiv.o
        94          0          0          0          0         92   fflti.o
       176          4          0          0          0         80   fmul.o
        16          6          0          0          0         68   fnan2.o
        88          4          0          0          0         76   frlef.o
        94          0          0          0          0         68   retnan.o
         0          0          0          0          0          0   usenofp.o
       200         20          0          0          0         76   ceil.o

    ----------------------------------------------------------------------
      5892        274        467          0        100       3776   Library Totals
         8          0          3          0          4          0   (incl. Padding)

    ----------------------------------------------------------------------

      Code (inc. data)   RO Data    RW Data    ZI Data      Debug   Library Name

      1770        142        272          0         96       2076   c_p.l
      3914        112        192          0          0       1624   fz_ps.l
       200         20          0          0          0         76   m_ps.l

    ----------------------------------------------------------------------
      5892        274        467          0        100       3776   Library Totals

    ----------------------------------------------------------------------

==============================================================================


      Code (inc. data)   RO Data    RW Data    ZI Data      Debug   

     50948       5376        752        720       2064     262650   Grand Totals
     50948       5376        752        100       2064     262650   ELF Image Totals (compressed)
     50948       5376        752        100          0          0   ROM Totals

==============================================================================

    Total RO  Size (Code + RO Data)                51700 (  50.49kB)
    Total RW  Size (RW Data + ZI Data)              2784 (   2.72kB)
    Total ROM Size (Code + RO Data + RW Data)      51800 (  50.59kB)

==============================================================================

